================================================================================
MODEL 2: NON-STATIONARY 5-CLASS CLASSIFICATION
================================================================================
Mode: FEATURES
Data path: ../../../data/raw/unified-5k
Features path: ../../../data/features/unified-20k/allfeatures
n_jobs: 110
================================================================================

[1/6] Loading TSFresh features...
✓ Filtered to 9,146 non-stationary series
✓ Loaded features: (9146, 777)
✓ Number of features: 777
✓ Number of samples: 9146

Label distribution:
  0: Trend                 1,960 (21.4%)
  1: Volatility            1,983 (21.7%)
  2: Stochastic            1,995 (21.8%)
  3: Anomaly               1,548 (16.9%)
  4: Structural Break      1,660 (18.2%)

[3/6] Preparing feature matrix...
✓ X shape: (9146, 777)
✓ y shape: (9146,)
✓ Features scaled with StandardScaler

[4/6] Splitting data...
Train set: 7,316 samples
Test set:  1,830 samples

[5/6] Training models...
--------------------------------------------------------------------------------

🌲 Training Random Forest...
  ✓ Accuracy: 0.9732 (97.32%)
  ✓ Train Accuracy: 1.0000 (100.00%)
  ✓ Training time: 1.49s

🚀 Training XGBoost...
  ✓ Accuracy: 0.9831 (98.31%)
  ✓ Train Accuracy: 1.0000 (100.00%)
  ✓ Training time: 9.90s

🐱 Training CatBoost...
  ✓ Accuracy: 0.9760 (97.60%)
  ✓ Train Accuracy: 0.9885 (98.85%)
  ✓ Training time: 11.34s

⚡ Training SVM (RBF)...
  ✓ Accuracy: 0.8962 (89.62%)
  ✓ Train Accuracy: 0.9748 (97.48%)
  ✓ Training time: 88.50s

[6/6] Evaluation Results
================================================================================

📊 RandomForest
--------------------------------------------------------------------------------
Accuracy      : 0.9732 (97.32%)
Train Accuracy: 1.0000 (100.00%)
Training Time : 1.49s

Classification Report:
                  precision    recall  f1-score   support

           Trend     0.9949    0.9898    0.9923       392
      Volatility     0.9875    0.9950    0.9912       397
      Stochastic     0.9874    0.9799    0.9836       399
         Anomaly     0.9264    0.9742    0.9497       310
Structural Break     0.9591    0.9187    0.9385       332

        accuracy                         0.9732      1830
       macro avg     0.9710    0.9715    0.9711      1830
    weighted avg     0.9735    0.9732    0.9732      1830


Confusion Matrix:
                       Trend Volatili Stochast  Anomaly Structur
Trend                     388        0        2        0        2
Volatility                  0      395        0        2        0
Stochastic                  0        0      391        2        6
Anomaly                     0        3        0      302        5
Structural Break            2        2        3       20      305
  ⚠️  Misclassified samples: 49 (examples: [18527 18179 13578 18131 17649])

📊 XGBoost
--------------------------------------------------------------------------------
Accuracy      : 0.9831 (98.31%)
Train Accuracy: 1.0000 (100.00%)
Training Time : 9.90s

Classification Report:
                  precision    recall  f1-score   support

           Trend     1.0000    0.9923    0.9962       392
      Volatility     0.9950    0.9950    0.9950       397
      Stochastic     0.9874    0.9799    0.9836       399
         Anomaly     0.9503    0.9871    0.9684       310
Structural Break     0.9755    0.9578    0.9666       332

        accuracy                         0.9831      1830
       macro avg     0.9816    0.9824    0.9819      1830
    weighted avg     0.9833    0.9831    0.9831      1830


Confusion Matrix:
                       Trend Volatili Stochast  Anomaly Structur
Trend                     389        0        2        0        1
Volatility                  0      395        0        2        0
Stochastic                  0        0      391        3        5
Anomaly                     0        2        0      306        2
Structural Break            0        0        3       11      318
  ⚠️  Misclassified samples: 31 (examples: [18179 13578 17649 18925 15325])

📊 CatBoost
--------------------------------------------------------------------------------
Accuracy      : 0.9760 (97.60%)
Train Accuracy: 0.9885 (98.85%)
Training Time : 11.34s

Classification Report:
                  precision    recall  f1-score   support

           Trend     0.9848    0.9898    0.9873       392
      Volatility     0.9875    0.9975    0.9925       397
      Stochastic     0.9847    0.9674    0.9760       399
         Anomaly     0.9475    0.9903    0.9685       310
Structural Break     0.9687    0.9307    0.9493       332

        accuracy                         0.9760      1830
       macro avg     0.9746    0.9751    0.9747      1830
    weighted avg     0.9761    0.9760    0.9759      1830


Confusion Matrix:
                       Trend Volatili Stochast  Anomaly Structur
Trend                     388        0        2        0        2
Volatility                  0      396        0        1        0
Stochastic                  2        0      386        3        8
Anomaly                     0        3        0      307        0
Structural Break            4        2        4       13      309
  ⚠️  Misclassified samples: 44 (examples: [18715 18179 13578 15325 18252])

📊 SVM_RBF
--------------------------------------------------------------------------------
Accuracy      : 0.8962 (89.62%)
Train Accuracy: 0.9748 (97.48%)
Training Time : 88.50s

Classification Report:
                  precision    recall  f1-score   support

           Trend     0.9796    0.9796    0.9796       392
      Volatility     0.8008    0.9521    0.8700       397
      Stochastic     0.9847    0.9674    0.9760       399
         Anomaly     0.7911    0.7452    0.7674       310
Structural Break     0.9255    0.7861    0.8502       332

        accuracy                         0.8962      1830
       macro avg     0.8964    0.8861    0.8886      1830
    weighted avg     0.9002    0.8962    0.8956      1830


Confusion Matrix:
                       Trend Volatili Stochast  Anomaly Structur
Trend                     384        0        2        0        6
Volatility                  0      378        0       13        6
Stochastic                  3        1      386        4        5
Anomaly                     0       75        0      231        4
Structural Break            5       18        4       44      261
  ⚠️  Misclassified samples: 190 (examples: [18715 18527 17241 16795 13887])

================================================================================
SAVING BEST MODEL
================================================================================

🏆 Best Model: XGBoost
   Accuracy: 0.9831 (98.31%)

✓ Model saved to: saved_models/model2_nonstationary_classifier.pkl
✓ Metadata saved to: saved_models/model2_metadata.pkl

================================================================================
✅ MODEL 2 TRAINING COMPLETE!
================================================================================

Mode: FEATURES
Best Model: XGBoost
Accuracy: 98.31%
Saved to: saved_models/model2_nonstationary_classifier.pkl

Next steps:
  1. Review classification report and confusion matrix above
  2. Test model: python test_model2.py
  3. If accuracy is good (>80%), proceed to Model 3 (sub-categories)
  4. Or build hierarchical pipeline combining Model 1 + Model 2
================================================================================
