================================================================================
MODEL 2: NON-STATIONARY 5-CLASS CLASSIFICATION
================================================================================
Mode: FEATURES
Data path: ../../../data/raw/unified-5k
Features path: ../../../data/features/unified-20k/selected
n_jobs: 110
================================================================================

[1/6] Loading TSFresh features...
✓ Loading from target subdirectory 'primary'
  Features: ../../../data/features/unified-20k/selected/primary/features.parquet
  Labels:   ../../../data/features/unified-20k/selected/primary/labels.parquet
  Features shape: (19134, 101)
  Labels shape:   (19134, 2)
  Aligned samples: 19,134
  ⚠ Filtering out 9,988 stationary samples for primary classification
  Remaining samples: 9,146

  Class distribution:
    0:  1,960 ( 21.4%)
    1:  1,983 ( 21.7%)
    2:  1,995 ( 21.8%)
    3:  1,548 ( 16.9%)
    4:  1,660 ( 18.2%)
✓ Loaded features: (9146, 100)
✓ Number of features: 100
✓ Number of samples: 9146

Label distribution:
  0: Trend                 1,960 (21.4%)
  1: Volatility            1,983 (21.7%)
  2: Stochastic            1,995 (21.8%)
  3: Anomaly               1,548 (16.9%)
  4: Structural Break      1,660 (18.2%)

[3/6] Preparing feature matrix...
✓ X shape: (9146, 100)
✓ y shape: (9146,)
✓ Feature names: 100

[4/6] Splitting data...

[4.5/6] Scaling features (fit on train only)...
✓ Features scaled with StandardScaler (no data leakage)
Train set: 7,316 samples
Test set:  1,830 samples

[5/6] Training models...
--------------------------------------------------------------------------------

 Training Random Forest...

================================================================================
EVALUATING MODEL: RandomForest
================================================================================

 ACCURACY:
  Train: 1.0000
  Test:  0.9667

 WEIGHTED METRICS:
  Test Precision: 0.9668
  Test Recall:    0.9667
  Test F1:        0.9665
✓ Predictions saved to: /arf/home/iguzel/ts-stationary/hierarchical-ts-classification/03-models/hierarchical/model2_nonstationary/saved_models/model2_nonstationary_features/predictions_RandomForest.csv
✓ Misclassified samples saved to: /arf/home/iguzel/ts-stationary/hierarchical-ts-classification/03-models/hierarchical/model2_nonstationary/saved_models/model2_nonstationary_features/misclassified_RandomForest.csv (61 errors)
✓ Feature importance saved to: /arf/home/iguzel/ts-stationary/hierarchical-ts-classification/03-models/hierarchical/model2_nonstationary/saved_models/model2_nonstationary_features/feature_importance_RandomForest.csv
================================================================================


 Training XGBoost...

================================================================================
EVALUATING MODEL: XGBoost
================================================================================

 ACCURACY:
  Train: 1.0000
  Test:  0.9792

 WEIGHTED METRICS:
  Test Precision: 0.9794
  Test Recall:    0.9792
  Test F1:        0.9792
✓ Predictions saved to: /arf/home/iguzel/ts-stationary/hierarchical-ts-classification/03-models/hierarchical/model2_nonstationary/saved_models/model2_nonstationary_features/predictions_XGBoost.csv
✓ Misclassified samples saved to: /arf/home/iguzel/ts-stationary/hierarchical-ts-classification/03-models/hierarchical/model2_nonstationary/saved_models/model2_nonstationary_features/misclassified_XGBoost.csv (38 errors)
✓ Feature importance saved to: /arf/home/iguzel/ts-stationary/hierarchical-ts-classification/03-models/hierarchical/model2_nonstationary/saved_models/model2_nonstationary_features/feature_importance_XGBoost.csv
================================================================================


🐱 Training CatBoost...

================================================================================
EVALUATING MODEL: CatBoost
================================================================================

 ACCURACY:
  Train: 0.9824
  Test:  0.9705

 WEIGHTED METRICS:
  Test Precision: 0.9708
  Test Recall:    0.9705
  Test F1:        0.9704
✓ Predictions saved to: /arf/home/iguzel/ts-stationary/hierarchical-ts-classification/03-models/hierarchical/model2_nonstationary/saved_models/model2_nonstationary_features/predictions_CatBoost.csv
✓ Misclassified samples saved to: /arf/home/iguzel/ts-stationary/hierarchical-ts-classification/03-models/hierarchical/model2_nonstationary/saved_models/model2_nonstationary_features/misclassified_CatBoost.csv (54 errors)
✓ Feature importance saved to: /arf/home/iguzel/ts-stationary/hierarchical-ts-classification/03-models/hierarchical/model2_nonstationary/saved_models/model2_nonstationary_features/feature_importance_CatBoost.csv
================================================================================


 Training SVM (RBF)...

================================================================================
EVALUATING MODEL: SVM_RBF
================================================================================

 ACCURACY:
  Train: 0.9251
  Test:  0.9137

 WEIGHTED METRICS:
  Test Precision: 0.9171
  Test Recall:    0.9137
  Test F1:        0.9105
✓ Predictions saved to: /arf/home/iguzel/ts-stationary/hierarchical-ts-classification/03-models/hierarchical/model2_nonstationary/saved_models/model2_nonstationary_features/predictions_SVM_RBF.csv
✓ Misclassified samples saved to: /arf/home/iguzel/ts-stationary/hierarchical-ts-classification/03-models/hierarchical/model2_nonstationary/saved_models/model2_nonstationary_features/misclassified_SVM_RBF.csv (158 errors)
================================================================================


[6/6] Saving Results
================================================================================

Saving results to: /arf/home/iguzel/ts-stationary/hierarchical-ts-classification/03-models/hierarchical/model2_nonstationary/saved_models/model2_nonstationary_features
  ✓ RandomForest metrics: model2_features_RandomForest_metrics.json
  ✓ XGBoost metrics: model2_features_XGBoost_metrics.json
  ✓ CatBoost metrics: model2_features_CatBoost_metrics.json
  ✓ SVM_RBF metrics: model2_features_SVM_RBF_metrics.json
  ✓ Summary comparison: model2_features_summary.json

================================================================================
SAVING BEST MODEL
================================================================================

 Best Model: XGBoost
   Accuracy: 0.9792 (97.92%)

✓ Model saved to: /arf/home/iguzel/ts-stationary/hierarchical-ts-classification/03-models/hierarchical/model2_nonstationary/saved_models/model2_nonstationary_features/model2_nonstationary_classifier.pkl
✓ Scaler saved to: /arf/home/iguzel/ts-stationary/hierarchical-ts-classification/03-models/hierarchical/model2_nonstationary/saved_models/model2_nonstationary_features/scaler.pkl
✓ Metadata saved to: /arf/home/iguzel/ts-stationary/hierarchical-ts-classification/03-models/hierarchical/model2_nonstationary/saved_models/model2_nonstationary_features/model2_metadata.pkl

================================================================================
 MODEL 2 TRAINING COMPLETE!
================================================================================

Mode: FEATURES
Best Model: XGBoost
Accuracy: 97.92%
Saved to: /arf/home/iguzel/ts-stationary/hierarchical-ts-classification/03-models/hierarchical/model2_nonstationary/saved_models/model2_nonstationary_features/model2_nonstationary_classifier.pkl

Next steps:
  1. Review classification report and confusion matrix above
  2. Test model: python test_model2.py
  3. If accuracy is good (>80%), proceed to Model 3 (sub-categories)
  4. Or build hierarchical pipeline combining Model 1 + Model 2
================================================================================
