================================================================================
MODEL 2: NON-STATIONARY 5-CLASS CLASSIFICATION
================================================================================
Mode: RAW
Data path: ../../../data/raw/unified-20k
n_jobs: 110
================================================================================

[1/6] Loading raw time series data...
Found 77 total parquet files
Filtered to 73 non-stationary files (excluded stationary)

Non-stationary category distribution (by primary category):

⚡ Fast parallel loading with PyArrow (batch_size=20, workers=16)
  Batch 1/4: Processing 20 files...
  ✓ Batch 1: Total series so far: 3,408
  Batch 2/4: Processing 20 files...
  ✓ Batch 2: Total series so far: 5,324
  Batch 3/4: Processing 20 files...
  ✓ Batch 3: Total series so far: 8,522
  Batch 4/4: Processing 13 files...
  ✓ Batch 4: Total series so far: 9,159

✓ Loaded 9,159 non-stationary time series (parallel PyArrow loading)
  Labels: 9,159
  Memory-efficient: No full dataset loaded at once

✓ Prepared 9,159 time series without loading full dataset

[2/6] Analyzing label distribution...

Label distribution:
  0: Trend                 1,960 (21.4%)
  1: Volatility            1,996 (21.8%)
  2: Stochastic            1,995 (21.8%)
  3: Anomaly               1,548 (16.9%)
  4: Structural Break      1,660 (18.1%)

[3/6] Converting to sktime format...
Series length range: 1001 - 9998
⚠️  Found 19500 NaN values in data, replacing with 0
✓ X shape: (9159, 1, 1500)
✓ y shape: (9159,)

[4/6] Splitting data...
Train set: 7,327 samples
Test set:  1,832 samples

[5/6] Training models...
--------------------------------------------------------------------------------

🌲 Training TimeSeriesForestClassifier...
  ✓ Accuracy: 0.8144 (81.44%)
  ✓ Train Accuracy: 1.0000 (100.00%)
  ✓ Training time: 19.27s

🚀 Training ROCKET Classifier...
  ✓ Accuracy: 0.7566 (75.66%)
  ✓ Train Accuracy: 0.8477 (84.77%)
  ✓ Training time: 30.13s

🎯 Training Arsenal Classifier...
  ✓ Accuracy: 0.7647 (76.47%)
  ✓ Train Accuracy: 0.8526 (85.26%)
  ✓ Training time: 310.06s

[6/6] Evaluation Results
================================================================================

📊 TimeSeriesForest
--------------------------------------------------------------------------------
Accuracy      : 0.8144 (81.44%)
Train Accuracy: 1.0000 (100.00%)
Training Time : 19.27s

Classification Report:
                  precision    recall  f1-score   support

           Trend     0.9530    0.8801    0.9151       392
      Volatility     0.6753    0.9123    0.7761       399
      Stochastic     0.9117    0.9574    0.9340       399
         Anomaly     0.7222    0.4613    0.5630       310
Structural Break     0.8217    0.7771    0.7988       332

        accuracy                         0.8144      1832
       macro avg     0.8168    0.7976    0.7974      1832
    weighted avg     0.8207    0.8144    0.8083      1832


Confusion Matrix:
                       Trend Volatili Stochast  Anomaly Structur
Trend                     345       24        3        8       12
Volatility                  1      364        0       18       16
Stochastic                  5        1      382        4        7
Anomaly                     2      144        0      143       21
Structural Break            9        6       34       25      258
  ⚠️  Misclassified samples: 340 (examples: [13860 16925 19741 17419 18147])

📊 ROCKET
--------------------------------------------------------------------------------
Accuracy      : 0.7566 (75.66%)
Train Accuracy: 0.8477 (84.77%)
Training Time : 30.13s

Classification Report:
                  precision    recall  f1-score   support

           Trend     0.7660    0.6097    0.6790       392
      Volatility     0.8043    0.9373    0.8657       399
      Stochastic     0.9622    0.9574    0.9598       399
         Anomaly     0.5164    0.7613    0.6154       310
Structural Break     0.7711    0.4669    0.5816       332

        accuracy                         0.7566      1832
       macro avg     0.7640    0.7465    0.7403      1832
    weighted avg     0.7758    0.7566    0.7524      1832


Confusion Matrix:
                       Trend Volatili Stochast  Anomaly Structur
Trend                     239       34        1       95       23
Volatility                  2      374        0       17        6
Stochastic                  7        0      382        9        1
Anomaly                    16       40        2      236       16
Structural Break           48       17       12      100      155
  ⚠️  Misclassified samples: 446 (examples: [17651 13860 18113 19741 10758])

📊 Arsenal
--------------------------------------------------------------------------------
Accuracy      : 0.7647 (76.47%)
Train Accuracy: 0.8526 (85.26%)
Training Time : 310.06s

Classification Report:
                  precision    recall  f1-score   support

           Trend     0.8054    0.6122    0.6957       392
      Volatility     0.8060    0.9474    0.8710       399
      Stochastic     0.9623    0.9599    0.9611       399
         Anomaly     0.5061    0.7968    0.6190       310
Structural Break     0.8547    0.4608    0.5988       332

        accuracy                         0.7647      1832
       macro avg     0.7869    0.7554    0.7491      1832
    weighted avg     0.7980    0.7647    0.7611      1832


Confusion Matrix:
                       Trend Volatili Stochast  Anomaly Structur
Trend                     240       34        1      106       11
Volatility                  1      378        0       14        6
Stochastic                  6        0      383       10        0
Anomaly                    12       40        2      247        9
Structural Break           39       17       12      111      153
  ⚠️  Misclassified samples: 431 (examples: [17651 13860 19741 10557 18147])

================================================================================
SAVING BEST MODEL
================================================================================

🏆 Best Model: TimeSeriesForest
   Accuracy: 0.8144 (81.44%)

✓ Model saved to: saved_models/model2_nonstationary_classifier.pkl
✓ Metadata saved to: saved_models/model2_metadata.pkl

================================================================================
✅ MODEL 2 TRAINING COMPLETE!
================================================================================

Mode: RAW
Best Model: TimeSeriesForest
Accuracy: 81.44%
Saved to: saved_models/model2_nonstationary_classifier.pkl

Next steps:
  1. Review classification report and confusion matrix above
  2. Test model: python test_model2.py
  3. If accuracy is good (>80%), proceed to Model 3 (sub-categories)
  4. Or build hierarchical pipeline combining Model 1 + Model 2

Tip: Try features mode for potentially better performance:
  python train_model2.py --mode features --features-path ../../../data/features/selected
================================================================================
