================================================================================
TSFresh Feature Extraction with Dask
================================================================================
Input: ../data/raw/unified-20k
Output: ../data/features/allfeatures-dask
Feature set: efficient
Using Dask client: True
n_workers: 55
threads_per_worker: 1
memory_limit: 0
================================================================================
2025-11-07 17:19:10,697 - distributed.shuffle._scheduler_plugin - WARNING - Shuffle 41d22e2de8e1c4cd739b8e225d9968c3 initialized by task ('shuffle-transfer-41d22e2de8e1c4cd739b8e225d9968c3', 0) executed on worker tcp://127.0.0.1:41225
2025-11-07 17:19:31,244 - distributed.shuffle._scheduler_plugin - WARNING - Shuffle 41d22e2de8e1c4cd739b8e225d9968c3 deactivated due to stimulus 'task-finished-1762525171.2433627'
Found 77 parquet files under ../data/raw/unified-20k
Loaded Dask DataFrame with 77 partitions
Applied basic NaN/Inf cleaning (lazy)
Computed labels dataframe with shape (19134, 4)
Computed feature dataframe with shape (19134, 777)
Saved outputs to ../data/features/allfeatures-dask

🎉 Feature extraction completed successfully!
   Final features: (19134, 777)
   Final labels: (19134, 4)
