================================================================================
Feature Selection
================================================================================
Input: ../data/features/allfeatures-dask
Output: ../data/features/selected-dask
Method: mutual_info
N features: 100
Target: all
================================================================================
Loading features from: ../data/features/allfeatures-dask/features.parquet
Loading labels from: ../data/features/allfeatures-dask/labels.parquet

================================================================================
Processing target: binary
================================================================================
================================================================================
Feature Selection - Method: mutual_info
Target: binary
================================================================================

Removing low variance features (threshold=0.001)...
Original features: 778
Selected features: 683
Removed: 95

Selecting top 100 features using mutual information...
Original features: 683
Selected features: 100

Saving selected features to: ../data/features/selected-dask/features_binary_mutual_info.parquet
Saving labels to: ../data/features/selected-dask/labels_binary.parquet
Saving feature names to: ../data/features/selected-dask/feature_names_binary_mutual_info.txt
Saving standardized features to: ../data/features/selected-dask/binary/features.parquet
Saving standardized labels to: ../data/features/selected-dask/binary/labels.parquet

✅ Selected features and standardized files saved successfully!

================================================================================
Processing target: primary
================================================================================
================================================================================
Feature Selection - Method: mutual_info
Target: primary
================================================================================

Removing low variance features (threshold=0.001)...
Original features: 778
Selected features: 683
Removed: 95

Selecting top 100 features using mutual information...
Original features: 683
Selected features: 100

Saving selected features to: ../data/features/selected-dask/features_primary_mutual_info.parquet
Saving labels to: ../data/features/selected-dask/labels_primary.parquet
Saving feature names to: ../data/features/selected-dask/feature_names_primary_mutual_info.txt
Saving standardized features to: ../data/features/selected-dask/primary/features.parquet
Saving standardized labels to: ../data/features/selected-dask/primary/labels.parquet

✅ Selected features and standardized files saved successfully!

================================================================================
Processing target: sub
================================================================================
================================================================================
Feature Selection - Method: mutual_info
Target: sub
================================================================================

Removing low variance features (threshold=0.001)...
Original features: 778
Selected features: 683
Removed: 95

Selecting top 100 features using mutual information...
Original features: 683
Selected features: 100

Saving selected features to: ../data/features/selected-dask/features_sub_mutual_info.parquet
Saving labels to: ../data/features/selected-dask/labels_sub.parquet
Saving feature names to: ../data/features/selected-dask/feature_names_sub_mutual_info.txt
Saving standardized features to: ../data/features/selected-dask/sub/features.parquet
Saving standardized labels to: ../data/features/selected-dask/sub/labels.parquet

✅ Selected features and standardized files saved successfully!

🎉 Feature selection completed successfully!
