[0;32m============================================================================[0m
[0;32mPOST-PROCESSING & VISUALIZATION PIPELINE[0m
[0;32m============================================================================[0m
Start time: Wed Nov 19 08:37:34 AM +03 2025


[1;33m[Step 1/4] Error Analysis - Batch Processing[0m
[0;34m────────────────────────────────────────────────────────────────────────────[0m

[0;32m[1.1] Analyzing Model 1 (Binary Classification) Errors...[0m

================================================================================
MISCLASSIFICATION ANALYSIS
================================================================================
Model: Model 1 (Binary Classification)
Saved Models: /arf/home/iguzel/ts-stationary/hierarchical-ts-classification/03-models/hierarchical/model1_binary/saved_models/model1_binary_features
================================================================================

[1/3] Loading misclassified samples...
  ✓ CatBoost: 132 misclassified samples
  ✓ XGBoost: 133 misclassified samples
  ✓ RandomForest: 137 misclassified samples
  ✓ SVM_Linear: 230 misclassified samples

✓ Total misclassified samples: 632

[2/3] Analyzing worst cases...

================================================================================
TOP 10 WORST MISCLASSIFICATIONS (Highest Confidence Errors)
================================================================================


CatBoost:
--------------------------------------------------------------------------------
  ID:   5292 | True: Stationary           → Predicted: Non-Stationary       | Confidence: 0.9979
  ID:    921 | True: Stationary           → Predicted: Non-Stationary       | Confidence: 0.9968
  ID:  16956 | True: Non-Stationary       → Predicted: Stationary           | Confidence: 0.9967
  ID:  16099 | True: Non-Stationary       → Predicted: Stationary           | Confidence: 0.9949
  ID:  16993 | True: Non-Stationary       → Predicted: Stationary           | Confidence: 0.9942
  ID:  16659 | True: Non-Stationary       → Predicted: Stationary           | Confidence: 0.9930
  ID:  16431 | True: Non-Stationary       → Predicted: Stationary           | Confidence: 0.9896
  ID:   5566 | True: Stationary           → Predicted: Non-Stationary       | Confidence: 0.9894
  ID:  17071 | True: Non-Stationary       → Predicted: Stationary           | Confidence: 0.9880
  ID:  16611 | True: Non-Stationary       → Predicted: Stationary           | Confidence: 0.9871

XGBoost:
--------------------------------------------------------------------------------
  ID:  16659 | True: Non-Stationary       → Predicted: Stationary           | Confidence: 1.0000
  ID:   5292 | True: Stationary           → Predicted: Non-Stationary       | Confidence: 1.0000
  ID:  16993 | True: Non-Stationary       → Predicted: Stationary           | Confidence: 1.0000
  ID:  17071 | True: Non-Stationary       → Predicted: Stationary           | Confidence: 1.0000
  ID:  16086 | True: Non-Stationary       → Predicted: Stationary           | Confidence: 1.0000
  ID:  16431 | True: Non-Stationary       → Predicted: Stationary           | Confidence: 0.9999
  ID:    921 | True: Stationary           → Predicted: Non-Stationary       | Confidence: 0.9999
  ID:  16611 | True: Non-Stationary       → Predicted: Stationary           | Confidence: 0.9999
  ID:  17025 | True: Non-Stationary       → Predicted: Stationary           | Confidence: 0.9999
  ID:  16227 | True: Non-Stationary       → Predicted: Stationary           | Confidence: 0.9999

RandomForest:
--------------------------------------------------------------------------------
  ID:   7139 | True: Stationary           → Predicted: Non-Stationary       | Confidence: 1.0000
  ID:  17071 | True: Non-Stationary       → Predicted: Stationary           | Confidence: 0.9900
  ID:  17025 | True: Non-Stationary       → Predicted: Stationary           | Confidence: 0.9800
  ID:  16415 | True: Non-Stationary       → Predicted: Stationary           | Confidence: 0.9800
  ID:  16892 | True: Non-Stationary       → Predicted: Stationary           | Confidence: 0.9750
  ID:   5292 | True: Stationary           → Predicted: Non-Stationary       | Confidence: 0.9700
  ID:   5451 | True: Stationary           → Predicted: Non-Stationary       | Confidence: 0.9700
  ID:  16611 | True: Non-Stationary       → Predicted: Stationary           | Confidence: 0.9650
  ID:  17205 | True: Non-Stationary       → Predicted: Stationary           | Confidence: 0.9650
  ID:  16993 | True: Non-Stationary       → Predicted: Stationary           | Confidence: 0.9600

SVM_Linear:
--------------------------------------------------------------------------------
  ID:   5451 | True: Stationary           → Predicted: Non-Stationary       | Confidence: 1.0000
  ID:   7139 | True: Stationary           → Predicted: Non-Stationary       | Confidence: 1.0000
  ID:    921 | True: Stationary           → Predicted: Non-Stationary       | Confidence: 1.0000
  ID:   5292 | True: Stationary           → Predicted: Non-Stationary       | Confidence: 1.0000
  ID:   5566 | True: Stationary           → Predicted: Non-Stationary       | Confidence: 1.0000
  ID:   1763 | True: Stationary           → Predicted: Non-Stationary       | Confidence: 1.0000
  ID:  16099 | True: Non-Stationary       → Predicted: Stationary           | Confidence: 1.0000
  ID:  16397 | True: Non-Stationary       → Predicted: Stationary           | Confidence: 0.9999
  ID:  16956 | True: Non-Stationary       → Predicted: Stationary           | Confidence: 0.9982
  ID:  16659 | True: Non-Stationary       → Predicted: Stationary           | Confidence: 0.9970

[3/3] Generating visualizations...

✓ Figure saved to: figures/error_analysis_model_1_(binary_classification).png

================================================================================
✓ Analysis complete!
================================================================================


[0;32m[1.2] Analyzing Model 2 (5-Class Classification) Errors...[0m

================================================================================
MISCLASSIFICATION ANALYSIS
================================================================================
Model: Model 2 (5-Class Classification)
Saved Models: /arf/home/iguzel/ts-stationary/hierarchical-ts-classification/03-models/hierarchical/model2_nonstationary/saved_models/model2_nonstationary_features
================================================================================

[1/3] Loading misclassified samples...
  ✓ SVM_RBF: 158 misclassified samples
  ✓ CatBoost: 54 misclassified samples
  ✓ XGBoost: 38 misclassified samples
  ✓ RandomForest: 61 misclassified samples

✓ Total misclassified samples: 311

[2/3] Analyzing worst cases...

================================================================================
TOP 10 WORST MISCLASSIFICATIONS (Highest Confidence Errors)
================================================================================


SVM_RBF:
--------------------------------------------------------------------------------
  ID:  10258 | True: Trend                → Predicted: Structural Break     | Confidence: 0.9943
  ID:  18179 | True: Structural Break     → Predicted: Anomaly              | Confidence: 0.9791
  ID:  13298 | True: Stochastic           → Predicted: Anomaly              | Confidence: 0.9733
  ID:  13641 | True: Stochastic           → Predicted: Trend                | Confidence: 0.9730
  ID:  13136 | True: Stochastic           → Predicted: Trend                | Confidence: 0.9712
  ID:  18237 | True: Structural Break     → Predicted: Anomaly              | Confidence: 0.9691
  ID:  13860 | True: Stochastic           → Predicted: Anomaly              | Confidence: 0.9642
  ID:  19405 | True: Structural Break     → Predicted: Stochastic           | Confidence: 0.9577
  ID:  13578 | True: Stochastic           → Predicted: Structural Break     | Confidence: 0.9521
  ID:  10885 | True: Trend                → Predicted: Stochastic           | Confidence: 0.9499

CatBoost:
--------------------------------------------------------------------------------
  ID:  10258 | True: Trend                → Predicted: Structural Break     | Confidence: 0.9778
  ID:  16568 | True: Anomaly              → Predicted: Volatility           | Confidence: 0.9775
  ID:  18094 | True: Structural Break     → Predicted: Anomaly              | Confidence: 0.9647
  ID:  18179 | True: Structural Break     → Predicted: Anomaly              | Confidence: 0.9579
  ID:  19846 | True: Structural Break     → Predicted: Stochastic           | Confidence: 0.9465
  ID:  18237 | True: Structural Break     → Predicted: Anomaly              | Confidence: 0.9437
  ID:  18345 | True: Structural Break     → Predicted: Anomaly              | Confidence: 0.9370
  ID:  19400 | True: Structural Break     → Predicted: Stochastic           | Confidence: 0.9032
  ID:  13487 | True: Stochastic           → Predicted: Structural Break     | Confidence: 0.8990
  ID:  13860 | True: Stochastic           → Predicted: Anomaly              | Confidence: 0.8985

XGBoost:
--------------------------------------------------------------------------------
  ID:  10258 | True: Trend                → Predicted: Structural Break     | Confidence: 0.9998
  ID:  17928 | True: Structural Break     → Predicted: Stochastic           | Confidence: 0.9992
  ID:  16568 | True: Anomaly              → Predicted: Volatility           | Confidence: 0.9991
  ID:  18179 | True: Structural Break     → Predicted: Anomaly              | Confidence: 0.9991
  ID:  18094 | True: Structural Break     → Predicted: Anomaly              | Confidence: 0.9991
  ID:  13298 | True: Stochastic           → Predicted: Anomaly              | Confidence: 0.9957
  ID:  11084 | True: Trend                → Predicted: Stochastic           | Confidence: 0.9952
  ID:  18345 | True: Structural Break     → Predicted: Anomaly              | Confidence: 0.9940
  ID:  18083 | True: Structural Break     → Predicted: Anomaly              | Confidence: 0.9937
  ID:  19846 | True: Structural Break     → Predicted: Stochastic           | Confidence: 0.9932

RandomForest:
--------------------------------------------------------------------------------
  ID:  17928 | True: Structural Break     → Predicted: Stochastic           | Confidence: 0.9750
  ID:  16568 | True: Anomaly              → Predicted: Volatility           | Confidence: 0.9700
  ID:  18237 | True: Structural Break     → Predicted: Anomaly              | Confidence: 0.9050
  ID:  18252 | True: Structural Break     → Predicted: Anomaly              | Confidence: 0.9000
  ID:  11084 | True: Trend                → Predicted: Stochastic           | Confidence: 0.9000
  ID:  13298 | True: Stochastic           → Predicted: Anomaly              | Confidence: 0.8950
  ID:  18094 | True: Structural Break     → Predicted: Anomaly              | Confidence: 0.8850
  ID:  18179 | True: Structural Break     → Predicted: Anomaly              | Confidence: 0.8750
  ID:  13487 | True: Stochastic           → Predicted: Structural Break     | Confidence: 0.8750
  ID:  13860 | True: Stochastic           → Predicted: Anomaly              | Confidence: 0.8750

[3/3] Generating visualizations...

✓ Figure saved to: figures/error_analysis_model_2_(5-class_classification).png

================================================================================
✓ Analysis complete!
================================================================================


[0;32m✓ Error analysis complete[0m
  Output: figures/error_analysis_model1.png
  Output: figures/error_analysis_model2.png

[1;33m[Step 2/4] Feature Importance Analysis[0m
[0;34m────────────────────────────────────────────────────────────────────────────[0m

[0;32m[2.1] Analyzing Model 1 Feature Importance...[0m

================================================================================
FEATURE IMPORTANCE ANALYSIS
================================================================================
Model: Model 1 (Binary Classification)
Saved Models: /arf/home/iguzel/ts-stationary/hierarchical-ts-classification/03-models/hierarchical/model1_binary/saved_models/model1_binary_features
================================================================================

[1/3] Loading feature importance files...
  ✓ RandomForest: 50 features
  ✓ XGBoost: 50 features
  ✓ CatBoost: 50 features

[2/3] Analyzing feature categories...

================================================================================
FEATURE IMPORTANCE SUMMARY BY CATEGORY
================================================================================

RandomForest:
--------------------------------------------------------------------------------
Category                Count    Total Imp     Mean Imp      Max Imp
--------------------------------------------------------------------------------
Statistical                13       0.1977       0.0152       0.0649
Quantile                   15       0.1887       0.0126       0.0207
Autocorrelation             6       0.1541       0.0257       0.0680
Stationarity                2       0.1091       0.0546       0.0686
Frequency                   3       0.0642       0.0214       0.0349
Complexity                  3       0.0599       0.0200       0.0439
Linear                      3       0.0536       0.0179       0.0245
Ratio                       2       0.0402       0.0201       0.0282
Other                       3       0.0305       0.0102       0.0136

Total features: 50
Total importance: 0.8980

XGBoost:
--------------------------------------------------------------------------------
Category                Count    Total Imp     Mean Imp      Max Imp
--------------------------------------------------------------------------------
Autocorrelation             7       0.2763       0.0395       0.2463
Statistical                10       0.2244       0.0224       0.1409
Quantile                   17       0.1862       0.0110       0.0679
Stationarity                2       0.1330       0.0665       0.1204
Complexity                  4       0.0262       0.0066       0.0170
Linear                      4       0.0222       0.0055       0.0097
Frequency                   2       0.0216       0.0108       0.0168
Other                       4       0.0137       0.0034       0.0045

Total features: 50
Total importance: 0.9036

CatBoost:
--------------------------------------------------------------------------------
Category                Count    Total Imp     Mean Imp      Max Imp
--------------------------------------------------------------------------------
Statistical                10      21.5972       2.1597      10.2519
Quantile                   15      17.4294       1.1620       6.5874
Autocorrelation             8      17.0741       2.1343       8.8551
Stationarity                2      12.9647       6.4824      11.7564
Complexity                  1       5.2065       5.2065       5.2065
Frequency                   3       5.0747       1.6916       3.1780
Other                       4       3.2176       0.8044       1.1125
Linear                      5       3.0736       0.6147       0.7701
Ratio                       2       1.5455       0.7728       0.9222

Total features: 50
Total importance: 87.1833


[3/3] Generating visualizations...

✓ Figure saved to: figures/feature_importance_top20_comparison_model1.png
✓ Figure saved to: figures/feature_importance_categories_model1.png

================================================================================
✓ Analysis complete!
================================================================================


[0;32m[2.2] Analyzing Model 2 Feature Importance...[0m

================================================================================
FEATURE IMPORTANCE ANALYSIS
================================================================================
Model: Model 2 (5-Class Classification)
Saved Models: /arf/home/iguzel/ts-stationary/hierarchical-ts-classification/03-models/hierarchical/model2_nonstationary/saved_models/model2_nonstationary_features
================================================================================

[1/3] Loading feature importance files...
  ✓ RandomForest: 50 features
  ✓ CatBoost: 50 features
  ✓ XGBoost: 50 features

[2/3] Analyzing feature categories...

================================================================================
FEATURE IMPORTANCE SUMMARY BY CATEGORY
================================================================================

RandomForest:
--------------------------------------------------------------------------------
Category                Count    Total Imp     Mean Imp      Max Imp
--------------------------------------------------------------------------------
Autocorrelation            12       0.2911       0.0243       0.0407
Quantile                   19       0.2397       0.0126       0.0234
Statistical                 8       0.0912       0.0114       0.0144
Other                       5       0.0653       0.0131       0.0196
Stationarity                3       0.0392       0.0131       0.0207
Linear                      1       0.0140       0.0140       0.0140
Ratio                       1       0.0121       0.0121       0.0121
Complexity                  1       0.0088       0.0088       0.0088

Total features: 50
Total importance: 0.7614

CatBoost:
--------------------------------------------------------------------------------
Category                Count    Total Imp     Mean Imp      Max Imp
--------------------------------------------------------------------------------
Quantile                   17      22.2484       1.3087       2.7783
Autocorrelation            10      18.6462       1.8646       3.1835
Statistical                 8      12.8065       1.6008       4.1296
Other                       6      10.6654       1.7776       2.9286
Linear                      4       8.3275       2.0819       3.7097
Stationarity                2       4.1204       2.0602       2.6231
Complexity                  1       2.4537       2.4537       2.4537
Frequency                   1       2.1694       2.1694       2.1694
Ratio                       1       1.7100       1.7100       1.7100

Total features: 50
Total importance: 83.1476

XGBoost:
--------------------------------------------------------------------------------
Category                Count    Total Imp     Mean Imp      Max Imp
--------------------------------------------------------------------------------
Quantile                   18       0.2787       0.0155       0.0836
Autocorrelation             6       0.2127       0.0355       0.0901
Statistical                 7       0.1497       0.0214       0.0621
Linear                      8       0.1206       0.0151       0.0611
Other                       5       0.0807       0.0161       0.0480
Stationarity                3       0.0471       0.0157       0.0297
Ratio                       1       0.0265       0.0265       0.0265
Frequency                   1       0.0090       0.0090       0.0090
Complexity                  1       0.0029       0.0029       0.0029

Total features: 50
Total importance: 0.9279


[3/3] Generating visualizations...

✓ Figure saved to: figures/feature_importance_top20_comparison_model2.png
✓ Figure saved to: figures/feature_importance_categories_model2.png

================================================================================
✓ Analysis complete!
================================================================================


[0;32m✓ Feature importance analysis complete[0m
  Output: figures/feature_importance_top20_comparison_model1.png
  Output: figures/feature_importance_categories_model1.png
  Output: figures/feature_importance_top20_comparison_model2.png
  Output: figures/feature_importance_categories_model2.png

[1;33m[Step 3/4] Visualizing Worst Misclassified Samples (Optional)[0m
[0;34m────────────────────────────────────────────────────────────────────────────[0m

[0;32m[3.1] Extracting worst cases from Model 1...[0m
  Found IDs: 5292 921 16956 
  Visualizing ID: 5292
  Visualizing ID: 921
  Visualizing ID: 16956

[0;32m[3.2] Extracting worst cases from Model 2...[0m
  Found IDs: 10258 18179 13298 
  Visualizing ID: 10258
  Visualizing ID: 18179
  Visualizing ID: 13298

[0;32m✓ Individual sample visualization complete[0m

[1;33m[Step 4/4] Generating Summary Report[0m
[0;34m────────────────────────────────────────────────────────────────────────────[0m

[0;32m============================================================================[0m
[0;32mPOST-PROCESSING COMPLETE![0m
[0;32m============================================================================[0m
End time: Wed Nov 19 08:38:26 AM +03 2025

[1;33m📊 GENERATED FIGURES: 0 total[0m
[0;34m────────────────────────────────────────────────────────────────────────────[0m

  ✓ figures/error_analysis_model_1_(binary_classification).png
  ✓ figures/error_analysis_model_2_(5-class_classification).png
  ✓ figures/feature_importance_categories_model1.png
  ✓ figures/feature_importance_categories_model2.png
  ✓ figures/feature_importance_top20_comparison_model1.png
  ✓ figures/feature_importance_top20_comparison_model2.png
  ✓ figures/misclassified_10258_SVM_RBF.png
  ✓ figures/misclassified_13298_SVM_RBF.png
  ✓ figures/misclassified_16956_CatBoost.png
  ✓ figures/misclassified_18179_SVM_RBF.png
  ✓ figures/misclassified_5292_CatBoost.png
  ✓ figures/misclassified_921_CatBoost.png

[1;33m📖 NEXT STEPS[0m
[0;34m────────────────────────────────────────────────────────────────────────────[0m
  1. Review figures in: 04-postprocessing/figures/
  2. Check detailed metrics: 03-models/hierarchical/*/saved_models/*/*.json
  3. See complete technical report: TECHNICAL_REPORT.md

[0;32m============================================================================[0m
