============================================================
Starting Data Generation Pipeline (20k)
============================================================
Start time: Mon Dec 22 03:20:51 PM +03 2025


Available Dataset Scales:
============================================================
Scale         Total   Stationary     Non-Stat
------------------------------------------------------------
test          1,530          765          765
5k            5,040        2,520        2,520
10k           9,990        4,995        4,995
20k          19,980        9,990        9,990
30k          29,970       14,985       14,985
50k          50,040       25,020       25,020
75k          74,970       37,485       37,485
90k          90,000       45,000       45,000
120k        119,970       59,985       59,985
150k        150,030       75,015       75,015
200k        199,980       99,990       99,990
============================================================

20K Dataset Configuration:
============================================================
  Total:           19,980 samples
  Stationary:       9,990 (50.0%)
  Non-Stationary:   9,990 (50.0%)
============================================================

  Non-Stationary Breakdown (5-Class):
    Trend:              1,998 (20.0%)
    Stochastic:         1,998 (20.0%)
    Volatility:         1,998 (20.0%)
    Anomaly:            1,998 (20.0%)
    Structural Break:   1,998 (20.0%)
============================================================
