============================================================
Starting Preprocessing Pipeline (20k)
============================================================
Input:  /arf/home/iguzel/ts-stationary/hierarchical-ts-classification/data/raw/unified-20k
Output: /arf/home/iguzel/ts-stationary/hierarchical-ts-classification/data/features/unified-20k/selected

Step 1: Feature Extraction (Chunked & Parallel)
Found 77 files to process.
Initialized with 100 cores.
Feature Set: efficient

[1/77] Processing: /arf/home/iguzel/ts-stationary/hierarchical-ts-classification/data/raw/unified-20k/deterministic_trend_cubic/down/ar/long.parquet
   Done in 25.6s. Shape: (49, 777)

[2/77] Processing: /arf/home/iguzel/ts-stationary/hierarchical-ts-classification/data/raw/unified-20k/deterministic_trend_cubic/down/arma/long.parquet
   Done in 24.4s. Shape: (49, 777)

[3/77] Processing: /arf/home/iguzel/ts-stationary/hierarchical-ts-classification/data/raw/unified-20k/deterministic_trend_cubic/down/ma/long.parquet
   Done in 32.1s. Shape: (49, 777)

[4/77] Processing: /arf/home/iguzel/ts-stationary/hierarchical-ts-classification/data/raw/unified-20k/deterministic_trend_cubic/down/white_noise/long.parquet
   Done in 23.7s. Shape: (49, 777)

[5/77] Processing: /arf/home/iguzel/ts-stationary/hierarchical-ts-classification/data/raw/unified-20k/deterministic_trend_cubic/up/ar/long.parquet
   Done in 25.0s. Shape: (49, 777)

[6/77] Processing: /arf/home/iguzel/ts-stationary/hierarchical-ts-classification/data/raw/unified-20k/deterministic_trend_cubic/up/arma/long.parquet
   Done in 28.2s. Shape: (49, 777)

[7/77] Processing: /arf/home/iguzel/ts-stationary/hierarchical-ts-classification/data/raw/unified-20k/deterministic_trend_cubic/up/ma/long.parquet
   Done in 20.5s. Shape: (49, 777)

[8/77] Processing: /arf/home/iguzel/ts-stationary/hierarchical-ts-classification/data/raw/unified-20k/deterministic_trend_cubic/up/white_noise/long.parquet
   Done in 23.5s. Shape: (49, 777)

[9/77] Processing: /arf/home/iguzel/ts-stationary/hierarchical-ts-classification/data/raw/unified-20k/deterministic_trend_damped/down/ar/long.parquet
   Done in 24.6s. Shape: (49, 777)

[10/77] Processing: /arf/home/iguzel/ts-stationary/hierarchical-ts-classification/data/raw/unified-20k/deterministic_trend_damped/down/arma/long.parquet
   Done in 27.0s. Shape: (49, 777)

[11/77] Processing: /arf/home/iguzel/ts-stationary/hierarchical-ts-classification/data/raw/unified-20k/deterministic_trend_damped/down/ma/long.parquet
   Done in 27.2s. Shape: (49, 777)

[12/77] Processing: /arf/home/iguzel/ts-stationary/hierarchical-ts-classification/data/raw/unified-20k/deterministic_trend_damped/down/white_noise/long.parquet
   Done in 24.2s. Shape: (49, 777)

[13/77] Processing: /arf/home/iguzel/ts-stationary/hierarchical-ts-classification/data/raw/unified-20k/deterministic_trend_damped/up/ar/long.parquet
   Done in 26.5s. Shape: (49, 777)

[14/77] Processing: /arf/home/iguzel/ts-stationary/hierarchical-ts-classification/data/raw/unified-20k/deterministic_trend_damped/up/arma/long.parquet
   Done in 27.4s. Shape: (49, 777)

[15/77] Processing: /arf/home/iguzel/ts-stationary/hierarchical-ts-classification/data/raw/unified-20k/deterministic_trend_damped/up/ma/long.parquet
   Done in 26.4s. Shape: (49, 777)

[16/77] Processing: /arf/home/iguzel/ts-stationary/hierarchical-ts-classification/data/raw/unified-20k/deterministic_trend_damped/up/white_noise/long.parquet
   Done in 24.0s. Shape: (49, 777)

[17/77] Processing: /arf/home/iguzel/ts-stationary/hierarchical-ts-classification/data/raw/unified-20k/deterministic_trend_exponential/down/ar/long.parquet
   Done in 26.6s. Shape: (49, 777)

[18/77] Processing: /arf/home/iguzel/ts-stationary/hierarchical-ts-classification/data/raw/unified-20k/deterministic_trend_exponential/down/arma/long.parquet
   Done in 24.7s. Shape: (49, 777)

[19/77] Processing: /arf/home/iguzel/ts-stationary/hierarchical-ts-classification/data/raw/unified-20k/deterministic_trend_exponential/down/ma/long.parquet
   Done in 23.6s. Shape: (49, 777)

[20/77] Processing: /arf/home/iguzel/ts-stationary/hierarchical-ts-classification/data/raw/unified-20k/deterministic_trend_exponential/down/white_noise/long.parquet
   Done in 22.5s. Shape: (49, 777)

[21/77] Processing: /arf/home/iguzel/ts-stationary/hierarchical-ts-classification/data/raw/unified-20k/deterministic_trend_exponential/up/ar/long.parquet
   Done in 26.0s. Shape: (49, 777)

[22/77] Processing: /arf/home/iguzel/ts-stationary/hierarchical-ts-classification/data/raw/unified-20k/deterministic_trend_exponential/up/arma/long.parquet
   Done in 20.7s. Shape: (49, 777)

[23/77] Processing: /arf/home/iguzel/ts-stationary/hierarchical-ts-classification/data/raw/unified-20k/deterministic_trend_exponential/up/ma/long.parquet
   Done in 27.7s. Shape: (49, 777)

[24/77] Processing: /arf/home/iguzel/ts-stationary/hierarchical-ts-classification/data/raw/unified-20k/deterministic_trend_exponential/up/white_noise/long.parquet
   Done in 24.9s. Shape: (49, 777)

[25/77] Processing: /arf/home/iguzel/ts-stationary/hierarchical-ts-classification/data/raw/unified-20k/deterministic_trend_linear/down/ar/long.parquet
   Done in 28.8s. Shape: (49, 777)

[26/77] Processing: /arf/home/iguzel/ts-stationary/hierarchical-ts-classification/data/raw/unified-20k/deterministic_trend_linear/down/arma/long.parquet
   Done in 28.7s. Shape: (49, 777)

[27/77] Processing: /arf/home/iguzel/ts-stationary/hierarchical-ts-classification/data/raw/unified-20k/deterministic_trend_linear/down/ma/long.parquet
   Done in 22.7s. Shape: (49, 777)

[28/77] Processing: /arf/home/iguzel/ts-stationary/hierarchical-ts-classification/data/raw/unified-20k/deterministic_trend_linear/down/white_noise/long.parquet
   Done in 22.8s. Shape: (49, 777)

[29/77] Processing: /arf/home/iguzel/ts-stationary/hierarchical-ts-classification/data/raw/unified-20k/deterministic_trend_linear/up/ar/long.parquet
   Done in 22.9s. Shape: (49, 777)

[30/77] Processing: /arf/home/iguzel/ts-stationary/hierarchical-ts-classification/data/raw/unified-20k/deterministic_trend_linear/up/arma/long.parquet
   Done in 22.5s. Shape: (49, 777)

[31/77] Processing: /arf/home/iguzel/ts-stationary/hierarchical-ts-classification/data/raw/unified-20k/deterministic_trend_linear/up/ma/long.parquet
   Done in 23.5s. Shape: (49, 777)

[32/77] Processing: /arf/home/iguzel/ts-stationary/hierarchical-ts-classification/data/raw/unified-20k/deterministic_trend_linear/up/white_noise/long.parquet
   Done in 28.9s. Shape: (49, 777)

[33/77] Processing: /arf/home/iguzel/ts-stationary/hierarchical-ts-classification/data/raw/unified-20k/deterministic_trend_quadratic/down/ar/long.parquet
   Done in 28.7s. Shape: (49, 777)

[34/77] Processing: /arf/home/iguzel/ts-stationary/hierarchical-ts-classification/data/raw/unified-20k/deterministic_trend_quadratic/down/arma/long.parquet
   Done in 23.2s. Shape: (49, 777)

[35/77] Processing: /arf/home/iguzel/ts-stationary/hierarchical-ts-classification/data/raw/unified-20k/deterministic_trend_quadratic/down/ma/long.parquet
   Done in 31.5s. Shape: (49, 777)

[36/77] Processing: /arf/home/iguzel/ts-stationary/hierarchical-ts-classification/data/raw/unified-20k/deterministic_trend_quadratic/down/white_noise/long.parquet
   Done in 25.4s. Shape: (49, 777)

[37/77] Processing: /arf/home/iguzel/ts-stationary/hierarchical-ts-classification/data/raw/unified-20k/deterministic_trend_quadratic/up/ar/long.parquet
   Done in 26.1s. Shape: (49, 777)

[38/77] Processing: /arf/home/iguzel/ts-stationary/hierarchical-ts-classification/data/raw/unified-20k/deterministic_trend_quadratic/up/arma/long.parquet
   Done in 26.3s. Shape: (49, 777)

[39/77] Processing: /arf/home/iguzel/ts-stationary/hierarchical-ts-classification/data/raw/unified-20k/deterministic_trend_quadratic/up/ma/long.parquet
   Done in 29.8s. Shape: (49, 777)

[40/77] Processing: /arf/home/iguzel/ts-stationary/hierarchical-ts-classification/data/raw/unified-20k/deterministic_trend_quadratic/up/white_noise/long.parquet
   Done in 26.0s. Shape: (49, 777)

[41/77] Processing: /arf/home/iguzel/ts-stationary/hierarchical-ts-classification/data/raw/unified-20k/multi_collective_anomaly/ar/long.parquet
   Done in 82.4s. Shape: (166, 777)

[42/77] Processing: /arf/home/iguzel/ts-stationary/hierarchical-ts-classification/data/raw/unified-20k/multi_collective_anomaly/arma/long.parquet
   Done in 95.2s. Shape: (166, 777)

[43/77] Processing: /arf/home/iguzel/ts-stationary/hierarchical-ts-classification/data/raw/unified-20k/multi_collective_anomaly/ma/long.parquet
   Done in 83.9s. Shape: (166, 777)

[44/77] Processing: /arf/home/iguzel/ts-stationary/hierarchical-ts-classification/data/raw/unified-20k/multi_collective_anomaly/white_noise/long.parquet
   Done in 75.0s. Shape: (166, 777)

[45/77] Processing: /arf/home/iguzel/ts-stationary/hierarchical-ts-classification/data/raw/unified-20k/multi_mean_shift/ar/long.parquet
   Done in 81.6s. Shape: (166, 777)

[46/77] Processing: /arf/home/iguzel/ts-stationary/hierarchical-ts-classification/data/raw/unified-20k/multi_mean_shift/arma/long.parquet
   Done in 82.5s. Shape: (166, 777)

[47/77] Processing: /arf/home/iguzel/ts-stationary/hierarchical-ts-classification/data/raw/unified-20k/multi_mean_shift/ma/long.parquet
   Done in 81.3s. Shape: (166, 777)

[48/77] Processing: /arf/home/iguzel/ts-stationary/hierarchical-ts-classification/data/raw/unified-20k/multi_mean_shift/white_noise/long.parquet
   Done in 77.2s. Shape: (166, 777)

[49/77] Processing: /arf/home/iguzel/ts-stationary/hierarchical-ts-classification/data/raw/unified-20k/multi_trend_shift/ar/long.parquet
   Done in 38.8s. Shape: (83, 777)

[50/77] Processing: /arf/home/iguzel/ts-stationary/hierarchical-ts-classification/data/raw/unified-20k/multi_trend_shift/arma/long.parquet
   Done in 38.7s. Shape: (83, 777)

[51/77] Processing: /arf/home/iguzel/ts-stationary/hierarchical-ts-classification/data/raw/unified-20k/multi_trend_shift/ma/long.parquet
   Done in 37.8s. Shape: (83, 777)

[52/77] Processing: /arf/home/iguzel/ts-stationary/hierarchical-ts-classification/data/raw/unified-20k/multi_trend_shift/white_noise/long.parquet
   Done in 39.0s. Shape: (83, 777)

[53/77] Processing: /arf/home/iguzel/ts-stationary/hierarchical-ts-classification/data/raw/unified-20k/multi_variance_shift/ar/long.parquet
   Done in 65.6s. Shape: (166, 777)

[54/77] Processing: /arf/home/iguzel/ts-stationary/hierarchical-ts-classification/data/raw/unified-20k/multi_variance_shift/arma/long.parquet
   Done in 66.9s. Shape: (166, 777)

[55/77] Processing: /arf/home/iguzel/ts-stationary/hierarchical-ts-classification/data/raw/unified-20k/multi_variance_shift/ma/long.parquet
   Done in 79.5s. Shape: (166, 777)

[56/77] Processing: /arf/home/iguzel/ts-stationary/hierarchical-ts-classification/data/raw/unified-20k/multi_variance_shift/white_noise/long.parquet
   Done in 82.0s. Shape: (166, 777)

[57/77] Processing: /arf/home/iguzel/ts-stationary/hierarchical-ts-classification/data/raw/unified-20k/point_anomaly_multiple/ar/long.parquet
   Done in 70.0s. Shape: (166, 777)

[58/77] Processing: /arf/home/iguzel/ts-stationary/hierarchical-ts-classification/data/raw/unified-20k/point_anomaly_multiple/arma/long.parquet
   Done in 70.4s. Shape: (166, 777)

[59/77] Processing: /arf/home/iguzel/ts-stationary/hierarchical-ts-classification/data/raw/unified-20k/point_anomaly_multiple/ma/long.parquet
   Done in 73.1s. Shape: (166, 777)

[60/77] Processing: /arf/home/iguzel/ts-stationary/hierarchical-ts-classification/data/raw/unified-20k/point_anomaly_multiple/white_noise/long.parquet
   Done in 71.7s. Shape: (166, 777)

[61/77] Processing: /arf/home/iguzel/ts-stationary/hierarchical-ts-classification/data/raw/unified-20k/point_anomaly_single/ar/long.parquet
   Done in 24.8s. Shape: (55, 777)

[62/77] Processing: /arf/home/iguzel/ts-stationary/hierarchical-ts-classification/data/raw/unified-20k/point_anomaly_single/arma/long.parquet
   Done in 22.3s. Shape: (55, 777)

[63/77] Processing: /arf/home/iguzel/ts-stationary/hierarchical-ts-classification/data/raw/unified-20k/point_anomaly_single/ma/long.parquet
   Done in 25.3s. Shape: (55, 777)

[64/77] Processing: /arf/home/iguzel/ts-stationary/hierarchical-ts-classification/data/raw/unified-20k/point_anomaly_single/white_noise/long.parquet
   Done in 26.0s. Shape: (55, 777)

[65/77] Processing: /arf/home/iguzel/ts-stationary/hierarchical-ts-classification/data/raw/unified-20k/stationary/ar/long.parquet
   Done in 1011.5s. Shape: (2497, 777)

[66/77] Processing: /arf/home/iguzel/ts-stationary/hierarchical-ts-classification/data/raw/unified-20k/stationary/arma/long.parquet
   Done in 1001.8s. Shape: (2497, 777)

[67/77] Processing: /arf/home/iguzel/ts-stationary/hierarchical-ts-classification/data/raw/unified-20k/stationary/ma/long.parquet
   Done in 961.8s. Shape: (2497, 777)

[68/77] Processing: /arf/home/iguzel/ts-stationary/hierarchical-ts-classification/data/raw/unified-20k/stationary/white_noise/long.parquet
   Done in 949.2s. Shape: (2497, 777)

[69/77] Processing: /arf/home/iguzel/ts-stationary/hierarchical-ts-classification/data/raw/unified-20k/stochastic/ari/long.parquet
   Done in 183.8s. Shape: (399, 777)

[70/77] Processing: /arf/home/iguzel/ts-stationary/hierarchical-ts-classification/data/raw/unified-20k/stochastic/arima/long.parquet
   Done in 187.4s. Shape: (399, 777)

[71/77] Processing: /arf/home/iguzel/ts-stationary/hierarchical-ts-classification/data/raw/unified-20k/stochastic/ima/long.parquet
   Done in 202.8s. Shape: (399, 777)

[72/77] Processing: /arf/home/iguzel/ts-stationary/hierarchical-ts-classification/data/raw/unified-20k/stochastic/random_walk/long.parquet
   Done in 181.4s. Shape: (399, 777)

[73/77] Processing: /arf/home/iguzel/ts-stationary/hierarchical-ts-classification/data/raw/unified-20k/stochastic/random_walk_drift/long.parquet
   Done in 173.7s. Shape: (399, 777)

[74/77] Processing: /arf/home/iguzel/ts-stationary/hierarchical-ts-classification/data/raw/unified-20k/volatility/aparch/long.parquet
   Cleaned 99896 bad rows.
   Done in 216.1s. Shape: (487, 777)

[75/77] Processing: /arf/home/iguzel/ts-stationary/hierarchical-ts-classification/data/raw/unified-20k/volatility/arch/long.parquet
   Done in 231.1s. Shape: (499, 777)

[76/77] Processing: /arf/home/iguzel/ts-stationary/hierarchical-ts-classification/data/raw/unified-20k/volatility/egarch/long.parquet
   Done in 236.5s. Shape: (499, 777)

[77/77] Processing: /arf/home/iguzel/ts-stationary/hierarchical-ts-classification/data/raw/unified-20k/volatility/garch/long.parquet
   Done in 232.9s. Shape: (499, 777)

Merging all chunks...
   Combining 77 parts...
   Saved features.parquet (19135, 778)
   Saved labels.parquet (19135, 4)

Process Complete! Output: /arf/home/iguzel/ts-stationary/hierarchical-ts-classification/data/features/unified-20k/allfeatures
Cleaning up temp files...
Step 2: Removing Data Leakage Features
================================================================================
REMOVE DATA LEAKAGE FEATURES
================================================================================
Input: /arf/home/iguzel/ts-stationary/hierarchical-ts-classification/data/features/unified-20k/allfeatures
Mode: LIVE
Backup: No

Checking for 23 leakage patterns:
  • ADF (Augmented Dickey-Fuller)
  • KPSS (Kwiatkowski-Phillips-Schmidt-Shin)
  • Phillips-Perron (PP)
  • Unit Root tests
  • Stationarity tests
  • Variance Ratio tests
================================================================================

Found 1 feature files

📁 features.parquet
   Total features: 778
   Leakage features: 3
      - data__augmented_dickey_fuller__attr_"teststat"__autolag_"AIC"
      - data__augmented_dickey_fuller__attr_"pvalue"__autolag_"AIC"
      - data__augmented_dickey_fuller__attr_"usedlag"__autolag_"AIC"
   Cleaned: 778 -> 771 features
   Updated: feature_names.txt
     778 -> 775 features

================================================================================
SUMMARY
================================================================================
Files processed: 1
Files cleaned: 1
Total leakage features removed: 3

Cleanup completed!
================================================================================
Step 3: Selecting Top 100 Features
================================================================================
Feature Selection
================================================================================
Input: /arf/home/iguzel/ts-stationary/hierarchical-ts-classification/data/features/unified-20k/allfeatures
Output: /arf/home/iguzel/ts-stationary/hierarchical-ts-classification/data/features/unified-20k/selected
Method: mutual_info
N features: 100
Target: all
================================================================================
Loading features from: /arf/home/iguzel/ts-stationary/hierarchical-ts-classification/data/features/unified-20k/allfeatures/features.parquet
Loading labels from: /arf/home/iguzel/ts-stationary/hierarchical-ts-classification/data/features/unified-20k/allfeatures/labels.parquet

================================================================================
Processing target: binary
================================================================================
================================================================================
Feature Selection - Method: mutual_info
Target: binary
================================================================================

Removing low variance features (threshold=0.001)...
Original features: 775
Selected features: 680
Removed: 95

Selecting top 100 features using mutual information...
Original features: 680
Selected features: 100

Saving selected features to: /arf/home/iguzel/ts-stationary/hierarchical-ts-classification/data/features/unified-20k/selected/features_binary_mutual_info.parquet
Saving labels to: /arf/home/iguzel/ts-stationary/hierarchical-ts-classification/data/features/unified-20k/selected/labels_binary.parquet
Saving feature names to: /arf/home/iguzel/ts-stationary/hierarchical-ts-classification/data/features/unified-20k/selected/feature_names_binary_mutual_info.txt
Saving standardized features to: /arf/home/iguzel/ts-stationary/hierarchical-ts-classification/data/features/unified-20k/selected/binary/features.parquet
Saving standardized labels to: /arf/home/iguzel/ts-stationary/hierarchical-ts-classification/data/features/unified-20k/selected/binary/labels.parquet

Selected features and standardized files saved successfully!

================================================================================
Processing target: primary
================================================================================
================================================================================
Feature Selection - Method: mutual_info
Target: primary
================================================================================

Removing low variance features (threshold=0.001)...
Original features: 775
Selected features: 680
Removed: 95

Selecting top 100 features using mutual information...
Original features: 680
Selected features: 100

Saving selected features to: /arf/home/iguzel/ts-stationary/hierarchical-ts-classification/data/features/unified-20k/selected/features_primary_mutual_info.parquet
Saving labels to: /arf/home/iguzel/ts-stationary/hierarchical-ts-classification/data/features/unified-20k/selected/labels_primary.parquet
Saving feature names to: /arf/home/iguzel/ts-stationary/hierarchical-ts-classification/data/features/unified-20k/selected/feature_names_primary_mutual_info.txt
Saving standardized features to: /arf/home/iguzel/ts-stationary/hierarchical-ts-classification/data/features/unified-20k/selected/primary/features.parquet
Saving standardized labels to: /arf/home/iguzel/ts-stationary/hierarchical-ts-classification/data/features/unified-20k/selected/primary/labels.parquet

Selected features and standardized files saved successfully!

================================================================================
Processing target: sub
================================================================================
================================================================================
Feature Selection - Method: mutual_info
Target: sub
================================================================================

Removing low variance features (threshold=0.001)...
Original features: 775
Selected features: 680
Removed: 95

Selecting top 100 features using mutual information...
Original features: 680
Selected features: 100

Saving selected features to: /arf/home/iguzel/ts-stationary/hierarchical-ts-classification/data/features/unified-20k/selected/features_sub_mutual_info.parquet
Saving labels to: /arf/home/iguzel/ts-stationary/hierarchical-ts-classification/data/features/unified-20k/selected/labels_sub.parquet
Saving feature names to: /arf/home/iguzel/ts-stationary/hierarchical-ts-classification/data/features/unified-20k/selected/feature_names_sub_mutual_info.txt
Saving standardized features to: /arf/home/iguzel/ts-stationary/hierarchical-ts-classification/data/features/unified-20k/selected/sub/features.parquet
Saving standardized labels to: /arf/home/iguzel/ts-stationary/hierarchical-ts-classification/data/features/unified-20k/selected/sub/labels.parquet

Selected features and standardized files saved successfully!

Feature selection completed successfully!
============================================================
Preprocessing Complete!
Output Directory: /arf/home/iguzel/ts-stationary/hierarchical-ts-classification/data/features/unified-20k/selected
============================================================
