============================================================
Starting Data Generation Pipeline (20k)
============================================================
Start time: Wed Nov 26 03:36:40 PM +03 2025


Available Dataset Scales:
============================================================
Scale         Total   Stationary     Non-Stat
------------------------------------------------------------
test          1,530          765          765
5k            5,040        2,520        2,520
10k           9,990        4,995        4,995
20k          19,980        9,990        9,990
30k          29,970       14,985       14,985
50k          50,040       25,020       25,020
75k          74,970       37,485       37,485
90k          90,000       45,000       45,000
120k        119,970       59,985       59,985
150k        150,030       75,015       75,015
200k        199,980       99,990       99,990
============================================================

20K Dataset Configuration:
============================================================
  Total:           19,980 samples
  Stationary:       9,990 (50.0%)
  Non-Stationary:   9,990 (50.0%)
============================================================

  Non-Stationary Breakdown (5-Class):
    Trend:              1,998 (20.0%)
    Stochastic:         1,998 (20.0%)
    Volatility:         1,998 (20.0%)
    Anomaly:            1,998 (20.0%)
    Structural Break:   1,998 (20.0%)
============================================================
/arf/home/iguzel/miniforge3/envs/ts-generation/lib/python3.14/site-packages/arch/univariate/mean.py:1367: InitialValueWarning: Parameters are not consistent with a stationary model. Using the intercept
to initialize the model.

  sim_values = self.volatility.simulate(
/arf/home/iguzel/miniforge3/envs/ts-generation/lib/python3.14/site-packages/arch/univariate/mean.py:1367: InitialValueWarning: Parameters are not consistent with a stationary model. Using the intercept
to initialize the model.

  sim_values = self.volatility.simulate(
/arf/home/iguzel/miniforge3/envs/ts-generation/lib/python3.14/site-packages/arch/univariate/volatility.py:3674: RuntimeWarning: overflow encountered in scalar power
  sigma2[t] = sigma_delta[t] ** (2.0 / delta)
/arf/home/iguzel/miniforge3/envs/ts-generation/lib/python3.14/site-packages/arch/univariate/volatility.py:3669: RuntimeWarning: invalid value encountered in scalar subtract
  shock -= params[1 + p + j] * data[t - 1 - j]
/arf/home/iguzel/miniforge3/envs/ts-generation/lib/python3.14/site-packages/arch/univariate/mean.py:1367: InitialValueWarning: Parameters are not consistent with a stationary model. Using the intercept
to initialize the model.


  sim_values = self.volatility.simulate(
ts-stationary library imported successfully
Creating output directory: /arf/home/iguzel/ts-stationary/hierarchical-ts-classification/01-data-generation/../data/raw/unified-20k

20K Dataset Configuration:
============================================================
  Total:           19,980 samples
  Stationary:       9,990 (50.0%)
  Non-Stationary:   9,990 (50.0%)
============================================================

  Non-Stationary Breakdown (5-Class):
    Trend:              1,998 (20.0%)
    Stochastic:         1,998 (20.0%)
    Volatility:         1,998 (20.0%)
    Anomaly:            1,998 (20.0%)
    Structural Break:   1,998 (20.0%)
============================================================
======================================================================
20K DATASET GENERATION STARTING
======================================================================
Random Seed: 42
Output Directory: /arf/home/iguzel/ts-stationary/hierarchical-ts-classification/01-data-generation/../data/raw/unified-20k
Length Range: (1000, 10000)
======================================================================

======================================================================
[1/10] Generating STATIONARY series (45,000)...
>>> First category starting NOW
======================================================================
  >>> Generating ar series...
2497 'ar_long' series saved in ONE file: '../data/raw/unified-20k/stationary/ar/long.parquet'
  >>> ar completed
  >>> Generating ma series...
2497 'ma_long' series saved in ONE file: '../data/raw/unified-20k/stationary/ma/long.parquet'
  >>> ma completed
  >>> Generating arma series...
2497 'arma_long' series saved in ONE file: '../data/raw/unified-20k/stationary/arma/long.parquet'
  >>> arma completed
  >>> Generating white_noise series...
2497 'white_noise_long' series saved in ONE file: '../data/raw/unified-20k/stationary/white_noise/long.parquet'
  >>> white_noise completed
  Generated 9,990 stationary series

[2/10] Generating DETERMINISTIC TRENDS (9,000)...
49 'ar_linear_trend_long_up' series saved in ONE file: '../data/raw/unified-20k/deterministic_trend_linear/up/ar/long.parquet'
49 'ma_linear_trend_long_up' series saved in ONE file: '../data/raw/unified-20k/deterministic_trend_linear/up/ma/long.parquet'
49 'arma_linear_trend_long_up' series saved in ONE file: '../data/raw/unified-20k/deterministic_trend_linear/up/arma/long.parquet'
49 'white_noise_linear_trend_long_up' series saved in ONE file: '../data/raw/unified-20k/deterministic_trend_linear/up/white_noise/long.parquet'
49 'ar_linear_trend_long_down' series saved in ONE file: '../data/raw/unified-20k/deterministic_trend_linear/down/ar/long.parquet'
49 'ma_linear_trend_long_down' series saved in ONE file: '../data/raw/unified-20k/deterministic_trend_linear/down/ma/long.parquet'
49 'arma_linear_trend_long_down' series saved in ONE file: '../data/raw/unified-20k/deterministic_trend_linear/down/arma/long.parquet'
49 'white_noise_linear_trend_long_down' series saved in ONE file: '../data/raw/unified-20k/deterministic_trend_linear/down/white_noise/long.parquet'
49 'ar_quadratic_trend_long' series saved in ONE file: '../data/raw/unified-20k/deterministic_trend_quadratic/up/ar/long.parquet'
49 'ma_quadratic_trend_long' series saved in ONE file: '../data/raw/unified-20k/deterministic_trend_quadratic/up/ma/long.parquet'
49 'arma_quadratic_trend_long' series saved in ONE file: '../data/raw/unified-20k/deterministic_trend_quadratic/up/arma/long.parquet'
49 'white_noise_quadratic_trend_long' series saved in ONE file: '../data/raw/unified-20k/deterministic_trend_quadratic/up/white_noise/long.parquet'
49 'ar_quadratic_trend_long' series saved in ONE file: '../data/raw/unified-20k/deterministic_trend_quadratic/down/ar/long.parquet'
49 'ma_quadratic_trend_long' series saved in ONE file: '../data/raw/unified-20k/deterministic_trend_quadratic/down/ma/long.parquet'
49 'arma_quadratic_trend_long' series saved in ONE file: '../data/raw/unified-20k/deterministic_trend_quadratic/down/arma/long.parquet'
49 'white_noise_quadratic_trend_long' series saved in ONE file: '../data/raw/unified-20k/deterministic_trend_quadratic/down/white_noise/long.parquet'
49 'ar_cubic_trend_long' series saved in ONE file: '../data/raw/unified-20k/deterministic_trend_cubic/up/ar/long.parquet'
49 'ma_cubic_trend_long' series saved in ONE file: '../data/raw/unified-20k/deterministic_trend_cubic/up/ma/long.parquet'
49 'arma_cubic_trend_long' series saved in ONE file: '../data/raw/unified-20k/deterministic_trend_cubic/up/arma/long.parquet'
49 'white_noise_cubic_trend_long' series saved in ONE file: '../data/raw/unified-20k/deterministic_trend_cubic/up/white_noise/long.parquet'
49 'ar_cubic_trend_long' series saved in ONE file: '../data/raw/unified-20k/deterministic_trend_cubic/down/ar/long.parquet'
49 'ma_cubic_trend_long' series saved in ONE file: '../data/raw/unified-20k/deterministic_trend_cubic/down/ma/long.parquet'
49 'arma_cubic_trend_long' series saved in ONE file: '../data/raw/unified-20k/deterministic_trend_cubic/down/arma/long.parquet'
49 'white_noise_cubic_trend_long' series saved in ONE file: '../data/raw/unified-20k/deterministic_trend_cubic/down/white_noise/long.parquet'
49 'ar_exponential_trend_long' series saved in ONE file: '../data/raw/unified-20k/deterministic_trend_exponential/up/ar/long.parquet'
49 'ma_exponential_trend_long' series saved in ONE file: '../data/raw/unified-20k/deterministic_trend_exponential/up/ma/long.parquet'
49 'arma_exponential_trend_long' series saved in ONE file: '../data/raw/unified-20k/deterministic_trend_exponential/up/arma/long.parquet'
49 'white_noise_exponential_trend_long' series saved in ONE file: '../data/raw/unified-20k/deterministic_trend_exponential/up/white_noise/long.parquet'
49 'ar_exponential_trend_long' series saved in ONE file: '../data/raw/unified-20k/deterministic_trend_exponential/down/ar/long.parquet'
49 'ma_exponential_trend_long' series saved in ONE file: '../data/raw/unified-20k/deterministic_trend_exponential/down/ma/long.parquet'
49 'arma_exponential_trend_long' series saved in ONE file: '../data/raw/unified-20k/deterministic_trend_exponential/down/arma/long.parquet'
49 'white_noise_exponential_trend_long' series saved in ONE file: '../data/raw/unified-20k/deterministic_trend_exponential/down/white_noise/long.parquet'
49 'ar_damped_trend_long' series saved in ONE file: '../data/raw/unified-20k/deterministic_trend_damped/up/ar/long.parquet'
49 'ma_damped_trend_long' series saved in ONE file: '../data/raw/unified-20k/deterministic_trend_damped/up/ma/long.parquet'
49 'arma_damped_trend_long' series saved in ONE file: '../data/raw/unified-20k/deterministic_trend_damped/up/arma/long.parquet'
49 'white_noise_damped_trend_long' series saved in ONE file: '../data/raw/unified-20k/deterministic_trend_damped/up/white_noise/long.parquet'
49 'ar_damped_trend_long' series saved in ONE file: '../data/raw/unified-20k/deterministic_trend_damped/down/ar/long.parquet'
49 'ma_damped_trend_long' series saved in ONE file: '../data/raw/unified-20k/deterministic_trend_damped/down/ma/long.parquet'
49 'arma_damped_trend_long' series saved in ONE file: '../data/raw/unified-20k/deterministic_trend_damped/down/arma/long.parquet'
49 'white_noise_damped_trend_long' series saved in ONE file: '../data/raw/unified-20k/deterministic_trend_damped/down/white_noise/long.parquet'
  Generated 1,998 trend series

[3/10] Generating STOCHASTIC series (9,000)...
399 'random_walk_long' series saved in ONE file: '../data/raw/unified-20k/stochastic/random_walk/long.parquet'
399 'random_walk_drift_long' series saved in ONE file: '../data/raw/unified-20k/stochastic/random_walk_drift/long.parquet'
399 'ari_long' series saved in ONE file: '../data/raw/unified-20k/stochastic/ari/long.parquet'
399 'ima_long' series saved in ONE file: '../data/raw/unified-20k/stochastic/ima/long.parquet'
399 'arima_long' series saved in ONE file: '../data/raw/unified-20k/stochastic/arima/long.parquet'
  Generated 1,998 stochastic series

[4/10] Generating VOLATILITY series (9,000)...
499 'arch_long' series saved in ONE file: '../data/raw/unified-20k/volatility/arch/long.parquet'
499 'garch_long' series saved in ONE file: '../data/raw/unified-20k/volatility/garch/long.parquet'
499 'egarch_long' series saved in ONE file: '../data/raw/unified-20k/volatility/egarch/long.parquet'
499 'aparch_long' series saved in ONE file: '../data/raw/unified-20k/volatility/aparch/long.parquet'
  Generated 1,998 volatility series

[5/10] Generating POINT ANOMALIES - SINGLE (3,000)...
55 'ar_single_point_anomaly_beginning_long' series saved in ONE file: '../data/raw/unified-20k/point_anomaly_single/ar/long.parquet'
55 'ar_single_point_anomaly_middle_long' series saved in ONE file: '../data/raw/unified-20k/point_anomaly_single/ar/long.parquet'
55 'ar_single_point_anomaly_end_long' series saved in ONE file: '../data/raw/unified-20k/point_anomaly_single/ar/long.parquet'
55 'ma_single_point_anomaly_beginning_long' series saved in ONE file: '../data/raw/unified-20k/point_anomaly_single/ma/long.parquet'
55 'ma_single_point_anomaly_middle_long' series saved in ONE file: '../data/raw/unified-20k/point_anomaly_single/ma/long.parquet'
55 'ma_single_point_anomaly_end_long' series saved in ONE file: '../data/raw/unified-20k/point_anomaly_single/ma/long.parquet'
55 'arma_single_point_anomaly_beginning_long' series saved in ONE file: '../data/raw/unified-20k/point_anomaly_single/arma/long.parquet'
55 'arma_single_point_anomaly_middle_long' series saved in ONE file: '../data/raw/unified-20k/point_anomaly_single/arma/long.parquet'
55 'arma_single_point_anomaly_end_long' series saved in ONE file: '../data/raw/unified-20k/point_anomaly_single/arma/long.parquet'
55 'white_noise_single_point_anomaly_beginning_long' series saved in ONE file: '../data/raw/unified-20k/point_anomaly_single/white_noise/long.parquet'
55 'white_noise_single_point_anomaly_middle_long' series saved in ONE file: '../data/raw/unified-20k/point_anomaly_single/white_noise/long.parquet'
55 'white_noise_single_point_anomaly_end_long' series saved in ONE file: '../data/raw/unified-20k/point_anomaly_single/white_noise/long.parquet'
  Generated 666 point anomaly (single) series

[6/10] Generating POINT ANOMALIES - MULTIPLE (3,000)...
166 'ar_multiple_point_anomalies_long' series saved in ONE file: '../data/raw/unified-20k/point_anomaly_multiple/ar/long.parquet'
166 'ma_multiple_point_anomalies_long' series saved in ONE file: '../data/raw/unified-20k/point_anomaly_multiple/ma/long.parquet'
166 'arma_multiple_point_anomalies_long' series saved in ONE file: '../data/raw/unified-20k/point_anomaly_multiple/arma/long.parquet'
166 'white_noise_multiple_point_anomalies_long' series saved in ONE file: '../data/raw/unified-20k/point_anomaly_multiple/white_noise/long.parquet'
  Generated 666 point anomaly (multiple) series

[7/10] Generating COLLECTIVE ANOMALIES (3,000)...
166 'ar_multiple_collective_anomalies_long' series saved in ONE file: '../data/raw/unified-20k/multi_collective_anomaly/ar/long.parquet'
166 'ma_multiple_collective_anomalies_long' series saved in ONE file: '../data/raw/unified-20k/multi_collective_anomaly/ma/long.parquet'
166 'arma_multiple_collective_anomalies_long' series saved in ONE file: '../data/raw/unified-20k/multi_collective_anomaly/arma/long.parquet'
166 'white_noise_multiple_collective_anomalies_long' series saved in ONE file: '../data/raw/unified-20k/multi_collective_anomaly/white_noise/long.parquet'
  Generated 666 collective anomaly series

[8/10] Generating STRUCTURAL BREAKS - MEAN SHIFT (3,000)...
166 'ar_multiple_mean_shifts_long' series saved in ONE file: '../data/raw/unified-20k/multi_mean_shift/ar/long.parquet'
  Generated 666 mean shift series

166 'ma_multiple_mean_shifts_long' series saved in ONE file: '../data/raw/unified-20k/multi_mean_shift/ma/long.parquet'
  Generated 666 mean shift series

166 'arma_multiple_mean_shifts_long' series saved in ONE file: '../data/raw/unified-20k/multi_mean_shift/arma/long.parquet'
  Generated 666 mean shift series

166 'white_noise_multiple_mean_shifts_long' series saved in ONE file: '../data/raw/unified-20k/multi_mean_shift/white_noise/long.parquet'
  Generated 666 mean shift series

[9/10] Generating STRUCTURAL BREAKS - VARIANCE SHIFT (3,000)...
166 'ar_multiple_variance_shifts_long' series saved in ONE file: '../data/raw/unified-20k/multi_variance_shift/ar/long.parquet'
166 'ma_multiple_variance_shifts_long' series saved in ONE file: '../data/raw/unified-20k/multi_variance_shift/ma/long.parquet'
166 'arma_multiple_variance_shifts_long' series saved in ONE file: '../data/raw/unified-20k/multi_variance_shift/arma/long.parquet'
166 'white_noise_multiple_variance_shifts_long' series saved in ONE file: '../data/raw/unified-20k/multi_variance_shift/white_noise/long.parquet'
  Generated 666 variance shift series

[10/10] Generating STRUCTURAL BREAKS - TREND SHIFT (3,000)...
83 'ar_multiple_trend_shifts_long' series saved in ONE file: '../data/raw/unified-20k/multi_trend_shift/ar/long.parquet'
83 'ar_multiple_trend_shifts_long' series saved in ONE file: '../data/raw/unified-20k/multi_trend_shift/ar/long.parquet'
83 'ma_multiple_trend_shifts_long' series saved in ONE file: '../data/raw/unified-20k/multi_trend_shift/ma/long.parquet'
83 'ma_multiple_trend_shifts_long' series saved in ONE file: '../data/raw/unified-20k/multi_trend_shift/ma/long.parquet'
83 'arma_multiple_trend_shifts_long' series saved in ONE file: '../data/raw/unified-20k/multi_trend_shift/arma/long.parquet'
83 'arma_multiple_trend_shifts_long' series saved in ONE file: '../data/raw/unified-20k/multi_trend_shift/arma/long.parquet'
83 'white_noise_multiple_trend_shifts_long' series saved in ONE file: '../data/raw/unified-20k/multi_trend_shift/white_noise/long.parquet'
83 'white_noise_multiple_trend_shifts_long' series saved in ONE file: '../data/raw/unified-20k/multi_trend_shift/white_noise/long.parquet'
  Generated 666 trend shift series

======================================================================
DATASET GENERATION COMPLETE
======================================================================
Scale:            20K
Total series:     19,980
Output directory: /arf/home/iguzel/ts-stationary/hierarchical-ts-classification/01-data-generation/../data/raw/unified-20k
======================================================================
  Model 2 (5-class): cd ../03-models/hierarchical/model2_nonstationary && python train_model2.py

Optional - Feature Engineering:
  TSFresh features: cd ../02-preprocessing && python feature_extraction.py
======================================================================
✓ Data generation successful: data/raw/unified-20k

============================================================
Data Generation Complete!
Output: data/raw/unified-20k
============================================================
End time: Wed Nov 26 03:47:12 PM +03 2025
