============================================================
Starting Training Pipeline (20k)
============================================================
Input: /arf/home/iguzel/ts-stationary/hierarchical-ts-classification/data/features/unified-20k/selected

Training Model 1 (Binary)...
================================================================================
MODEL 1: BINARY CLASSIFICATION (Stationary vs Non-Stationary)
================================================================================
Mode: FEATURES
Data path: ../../../data/raw/unified-5k
Features path: /arf/home/iguzel/ts-stationary/hierarchical-ts-classification/data/features/unified-20k/selected
n_jobs: 110
================================================================================
================================================================================

[1/6] Loading TSFresh features...
Loading from target subdirectory 'binary'
  Features: /arf/home/iguzel/ts-stationary/hierarchical-ts-classification/data/features/unified-20k/selected/binary/features.parquet
  Labels:   /arf/home/iguzel/ts-stationary/hierarchical-ts-classification/data/features/unified-20k/selected/binary/labels.parquet
  Features shape: (19135, 101)
  Labels shape:   (19135, 2)
  Aligned samples: 19,135

  Class distribution:
    0:  9,988 ( 52.2%)
    1:  9,147 ( 47.8%)
Loaded features: (19135, 100)
Number of features: 100
Number of samples: 19135

Label distribution:
  0: Stationary       9,988 (52.2%)
  1: Non-Stationary   9,147 (47.8%)

[3/6] Preparing feature matrix...
X shape: (19135, 100)
y shape: (19135,)
Feature names: 100

[4/6] Splitting data...

[4.5/6] Scaling features (fit on train only)...
Features scaled with StandardScaler (no data leakage)
Train set: 15,308 samples
Test set:  3,827 samples

[5/6] Training models...
--------------------------------------------------------------------------------

 Training Random Forest...

================================================================================
EVALUATING MODEL: RandomForest
================================================================================

 ACCURACY:
  Train: 1.0000
  Test:  0.9647

 WEIGHTED METRICS:
  Test Precision: 0.9654
  Test Recall:    0.9647
  Test F1:        0.9647
Predictions saved to: /arf/home/iguzel/ts-stationary/hierarchical-ts-classification/03-models/hierarchical/model1_binary/output/model1_binary_features/predictions_RandomForest.csv
Misclassified samples saved to: /arf/home/iguzel/ts-stationary/hierarchical-ts-classification/03-models/hierarchical/model1_binary/output/model1_binary_features/misclassified_RandomForest.csv (135 errors)
Feature importance saved to: /arf/home/iguzel/ts-stationary/hierarchical-ts-classification/03-models/hierarchical/model1_binary/output/model1_binary_features/feature_importance_RandomForest.csv
================================================================================


 Training XGBoost...

================================================================================
EVALUATING MODEL: XGBoost
================================================================================

 ACCURACY:
  Train: 1.0000
  Test:  0.9689

 WEIGHTED METRICS:
  Test Precision: 0.9693
  Test Recall:    0.9689
  Test F1:        0.9689
Predictions saved to: /arf/home/iguzel/ts-stationary/hierarchical-ts-classification/03-models/hierarchical/model1_binary/output/model1_binary_features/predictions_XGBoost.csv
Misclassified samples saved to: /arf/home/iguzel/ts-stationary/hierarchical-ts-classification/03-models/hierarchical/model1_binary/output/model1_binary_features/misclassified_XGBoost.csv (119 errors)
Feature importance saved to: /arf/home/iguzel/ts-stationary/hierarchical-ts-classification/03-models/hierarchical/model1_binary/output/model1_binary_features/feature_importance_XGBoost.csv
================================================================================


 Training CatBoost...

================================================================================
EVALUATING MODEL: CatBoost
================================================================================

 ACCURACY:
  Train: 0.9879
  Test:  0.9684

 WEIGHTED METRICS:
  Test Precision: 0.9688
  Test Recall:    0.9684
  Test F1:        0.9684
Predictions saved to: /arf/home/iguzel/ts-stationary/hierarchical-ts-classification/03-models/hierarchical/model1_binary/output/model1_binary_features/predictions_CatBoost.csv
Misclassified samples saved to: /arf/home/iguzel/ts-stationary/hierarchical-ts-classification/03-models/hierarchical/model1_binary/output/model1_binary_features/misclassified_CatBoost.csv (121 errors)
Feature importance saved to: /arf/home/iguzel/ts-stationary/hierarchical-ts-classification/03-models/hierarchical/model1_binary/output/model1_binary_features/feature_importance_CatBoost.csv
================================================================================


 Training SVM (Linear)...

================================================================================
EVALUATING MODEL: SVM_Linear
================================================================================

 ACCURACY:
  Train: 0.9457
  Test:  0.9394

 WEIGHTED METRICS:
  Test Precision: 0.9424
  Test Recall:    0.9394
  Test F1:        0.9392
Predictions saved to: /arf/home/iguzel/ts-stationary/hierarchical-ts-classification/03-models/hierarchical/model1_binary/output/model1_binary_features/predictions_SVM_Linear.csv
Misclassified samples saved to: /arf/home/iguzel/ts-stationary/hierarchical-ts-classification/03-models/hierarchical/model1_binary/output/model1_binary_features/misclassified_SVM_Linear.csv (232 errors)
================================================================================


[6/6] Saving Results
================================================================================

Saving results to: /arf/home/iguzel/ts-stationary/hierarchical-ts-classification/03-models/hierarchical/model1_binary/output/model1_binary_features
  RandomForest metrics: model1_features_RandomForest_metrics.json
  XGBoost metrics: model1_features_XGBoost_metrics.json
  CatBoost metrics: model1_features_CatBoost_metrics.json
  SVM_Linear metrics: model1_features_SVM_Linear_metrics.json
  Summary: model1_features_summary.json

================================================================================
SAVING BEST MODEL
================================================================================

 Best Model: XGBoost
   Test Accuracy: 0.9689 (96.89%)

Model saved to: /arf/home/iguzel/ts-stationary/hierarchical-ts-classification/03-models/hierarchical/model1_binary/output/model1_binary_features/model1_binary_classifier.pkl
Scaler saved to: /arf/home/iguzel/ts-stationary/hierarchical-ts-classification/03-models/hierarchical/model1_binary/output/model1_binary_features/scaler.pkl
Metadata saved to: /arf/home/iguzel/ts-stationary/hierarchical-ts-classification/03-models/hierarchical/model1_binary/output/model1_binary_features/model1_metadata.pkl

================================================================================
 MODEL 1 TRAINING COMPLETE!
================================================================================

Mode: FEATURES
Best Model: XGBoost
Accuracy: 96.89%

 Output Structure:
   /arf/home/iguzel/ts-stationary/hierarchical-ts-classification/03-models/hierarchical/model1_binary/output/model1_binary_features/
   ├── model1_binary_classifier.pkl
   ├── model1_metadata.pkl
   ├── predictions_RandomForest.csv
   ├── predictions_XGBoost.csv
   ├── predictions_CatBoost.csv
   ├── predictions_SVM_Linear.csv
   ├── model1_features_RandomForest_metrics.json
   ├── model1_features_XGBoost_metrics.json
   ├── model1_features_CatBoost_metrics.json
   ├── model1_features_SVM_Linear_metrics.json
   ├── model1_features_summary.json
   └── catboost_info/

Next steps:
  1. Review classification report above
  2. Test model: python test_model1.py
  3. If accuracy is good (>90%), proceed to Model 2 (primary categories)
================================================================================
Training Model 2 (Non-Stationary)...
================================================================================
MODEL 2: NON-STATIONARY 5-CLASS CLASSIFICATION
================================================================================
Mode: FEATURES
Data path: ../../../data/raw/unified-5k
Features path: /arf/home/iguzel/ts-stationary/hierarchical-ts-classification/data/features/unified-20k/selected
n_jobs: 110
================================================================================

[1/6] Loading TSFresh features...
Loading from target subdirectory 'primary'
  Features: /arf/home/iguzel/ts-stationary/hierarchical-ts-classification/data/features/unified-20k/selected/primary/features.parquet
  Labels:   /arf/home/iguzel/ts-stationary/hierarchical-ts-classification/data/features/unified-20k/selected/primary/labels.parquet
  Features shape: (19135, 101)
  Labels shape:   (19135, 2)
  Aligned samples: 19,135
  Filtering out 9,988 stationary samples for primary classification
  Remaining samples: 9,147

  Class distribution:
    0:  1,960 ( 21.4%)
    1:  1,984 ( 21.7%)
    2:  1,995 ( 21.8%)
    3:  1,548 ( 16.9%)
    4:  1,660 ( 18.1%)
Loaded features: (9147, 100)
Number of features: 100
Number of samples: 9147

Label distribution:
  0: Trend                 1,960 (21.4%)
  1: Volatility            1,984 (21.7%)
  2: Stochastic            1,995 (21.8%)
  3: Anomaly               1,548 (16.9%)
  4: Structural Break      1,660 (18.1%)

[3/6] Preparing feature matrix...
X shape: (9147, 100)
y shape: (9147,)
Feature names: 100

[4/6] Splitting data...

[4.5/6] Scaling features (fit on train only)...
Features scaled with StandardScaler (no data leakage)
Train set: 7,317 samples
Test set:  1,830 samples

[5/6] Training models...
--------------------------------------------------------------------------------

 Training Random Forest...

================================================================================
EVALUATING MODEL: RandomForest
================================================================================

 ACCURACY:
  Train: 1.0000
  Test:  0.9699

 WEIGHTED METRICS:
  Test Precision: 0.9700
  Test Recall:    0.9699
  Test F1:        0.9698
Predictions saved to: /arf/home/iguzel/ts-stationary/hierarchical-ts-classification/03-models/hierarchical/model2_nonstationary/output/model2_nonstationary_features/predictions_RandomForest.csv
Misclassified samples saved to: /arf/home/iguzel/ts-stationary/hierarchical-ts-classification/03-models/hierarchical/model2_nonstationary/output/model2_nonstationary_features/misclassified_RandomForest.csv (55 errors)
Feature importance saved to: /arf/home/iguzel/ts-stationary/hierarchical-ts-classification/03-models/hierarchical/model2_nonstationary/output/model2_nonstationary_features/feature_importance_RandomForest.csv
================================================================================


 Training XGBoost...

================================================================================
EVALUATING MODEL: XGBoost
================================================================================

 ACCURACY:
  Train: 1.0000
  Test:  0.9781

 WEIGHTED METRICS:
  Test Precision: 0.9781
  Test Recall:    0.9781
  Test F1:        0.9781
Predictions saved to: /arf/home/iguzel/ts-stationary/hierarchical-ts-classification/03-models/hierarchical/model2_nonstationary/output/model2_nonstationary_features/predictions_XGBoost.csv
Misclassified samples saved to: /arf/home/iguzel/ts-stationary/hierarchical-ts-classification/03-models/hierarchical/model2_nonstationary/output/model2_nonstationary_features/misclassified_XGBoost.csv (40 errors)
Feature importance saved to: /arf/home/iguzel/ts-stationary/hierarchical-ts-classification/03-models/hierarchical/model2_nonstationary/output/model2_nonstationary_features/feature_importance_XGBoost.csv
================================================================================


 Training CatBoost...

================================================================================
EVALUATING MODEL: CatBoost
================================================================================

 ACCURACY:
  Train: 0.9817
  Test:  0.9710

 WEIGHTED METRICS:
  Test Precision: 0.9710
  Test Recall:    0.9710
  Test F1:        0.9709
Predictions saved to: /arf/home/iguzel/ts-stationary/hierarchical-ts-classification/03-models/hierarchical/model2_nonstationary/output/model2_nonstationary_features/predictions_CatBoost.csv
Misclassified samples saved to: /arf/home/iguzel/ts-stationary/hierarchical-ts-classification/03-models/hierarchical/model2_nonstationary/output/model2_nonstationary_features/misclassified_CatBoost.csv (53 errors)
Feature importance saved to: /arf/home/iguzel/ts-stationary/hierarchical-ts-classification/03-models/hierarchical/model2_nonstationary/output/model2_nonstationary_features/feature_importance_CatBoost.csv
================================================================================


 Training SVM (RBF)...

================================================================================
EVALUATING MODEL: SVM_RBF
================================================================================

 ACCURACY:
  Train: 0.9247
  Test:  0.9202

 WEIGHTED METRICS:
  Test Precision: 0.9216
  Test Recall:    0.9202
  Test F1:        0.9169
Predictions saved to: /arf/home/iguzel/ts-stationary/hierarchical-ts-classification/03-models/hierarchical/model2_nonstationary/output/model2_nonstationary_features/predictions_SVM_RBF.csv
Misclassified samples saved to: /arf/home/iguzel/ts-stationary/hierarchical-ts-classification/03-models/hierarchical/model2_nonstationary/output/model2_nonstationary_features/misclassified_SVM_RBF.csv (146 errors)
================================================================================


[6/6] Saving Results
================================================================================

Saving results to: /arf/home/iguzel/ts-stationary/hierarchical-ts-classification/03-models/hierarchical/model2_nonstationary/output/model2_nonstationary_features
  RandomForest metrics: model2_features_RandomForest_metrics.json
  XGBoost metrics: model2_features_XGBoost_metrics.json
  CatBoost metrics: model2_features_CatBoost_metrics.json
  SVM_RBF metrics: model2_features_SVM_RBF_metrics.json
  Summary comparison: model2_features_summary.json

================================================================================
SAVING BEST MODEL
================================================================================

 Best Model: XGBoost
   Accuracy: 0.9781 (97.81%)

Model saved to: /arf/home/iguzel/ts-stationary/hierarchical-ts-classification/03-models/hierarchical/model2_nonstationary/output/model2_nonstationary_features/model2_nonstationary_classifier.pkl
Scaler saved to: /arf/home/iguzel/ts-stationary/hierarchical-ts-classification/03-models/hierarchical/model2_nonstationary/output/model2_nonstationary_features/scaler.pkl
Metadata saved to: /arf/home/iguzel/ts-stationary/hierarchical-ts-classification/03-models/hierarchical/model2_nonstationary/output/model2_nonstationary_features/model2_metadata.pkl

================================================================================
 MODEL 2 TRAINING COMPLETE!
================================================================================

Mode: FEATURES
Best Model: XGBoost
Accuracy: 97.81%
Saved to: /arf/home/iguzel/ts-stationary/hierarchical-ts-classification/03-models/hierarchical/model2_nonstationary/output/model2_nonstationary_features/model2_nonstationary_classifier.pkl

Next steps:
  1. Review classification report and confusion matrix above
  2. Test model: python test_model2.py
  3. If accuracy is good (>80%), proceed to Model 3 (sub-categories)
  4. Or build hierarchical pipeline combining Model 1 + Model 2
================================================================================
============================================================
Training Completed Successfully!
============================================================
Model 1 Output: 03-models/hierarchical/model1_binary/output/model1_binary_features
Model 2 Output: 03-models/hierarchical/model2_nonstationary/output/model2_nonstationary_features
============================================================
