============================================================
Starting Post-Processing Pipeline
============================================================
Start time: Thu Nov 27 03:35:05 PM +03 2025

Step 1: Analyzing Feature Importance...
  - Model 1 (Binary)...

================================================================================
FEATURE IMPORTANCE ANALYSIS
================================================================================
Model: Model 1 (Binary Classification)
Saved Models: /arf/home/iguzel/ts-stationary/hierarchical-ts-classification/03-models/hierarchical/model1_binary/output/model1_binary_features
Normalization: sum
================================================================================

[1/3] Loading feature importance files...
  RandomForest: 50 features
  XGBoost: 50 features
  CatBoost: 50 features

[2/3] Analyzing feature categories...

================================================================================
FEATURE IMPORTANCE SUMMARY BY CATEGORY
================================================================================

RandomForest:
--------------------------------------------------------------------------------
Category                Count    Total Imp     Mean Imp      Max Imp
--------------------------------------------------------------------------------
Quantile                   14       0.2279       0.0163       0.0259
Autocorrelation             9       0.2129       0.0237       0.0808
Statistical                10       0.1844       0.0184       0.0645
Frequency                   3       0.1090       0.0363       0.0562
Linear                      4       0.0914       0.0229       0.0473
Complexity                  4       0.0731       0.0183       0.0417
Other                       4       0.0674       0.0169       0.0311
Ratio                       2       0.0339       0.0169       0.0223

Total features: 50
Total importance: 1.0000

XGBoost:
--------------------------------------------------------------------------------
Category                Count    Total Imp     Mean Imp      Max Imp
--------------------------------------------------------------------------------
Autocorrelation             8       0.3539       0.0442       0.3152
Statistical                 9       0.2436       0.0271       0.1645
Quantile                   16       0.2329       0.0146       0.0851
Frequency                   3       0.0617       0.0206       0.0519
Linear                      5       0.0450       0.0090       0.0169
Complexity                  3       0.0340       0.0113       0.0233
Other                       6       0.0289       0.0048       0.0069

Total features: 50
Total importance: 1.0000

CatBoost:
--------------------------------------------------------------------------------
Category                Count    Total Imp     Mean Imp      Max Imp
--------------------------------------------------------------------------------
Autocorrelation             8       0.2852       0.0356       0.1841
Statistical                11       0.2380       0.0216       0.0978
Quantile                   16       0.2032       0.0127       0.0446
Frequency                   2       0.0979       0.0490       0.0907
Other                       7       0.0813       0.0116       0.0193
Complexity                  1       0.0533       0.0533       0.0533
Linear                      5       0.0411       0.0082       0.0103

Total features: 50
Total importance: 1.0000


[3/3] Generating visualizations...
Figure saved to: figures/feature_importance_top30_comparison_model1.png
Figure saved to: figures/feature_importance_categories_model1.png

================================================================================
Analysis complete!
================================================================================

  - Model 2 (5-Class)...

================================================================================
FEATURE IMPORTANCE ANALYSIS
================================================================================
Model: Model 2 (5-Class Classification)
Saved Models: /arf/home/iguzel/ts-stationary/hierarchical-ts-classification/03-models/hierarchical/model2_nonstationary/output/model2_nonstationary_features
Normalization: sum
================================================================================

[1/3] Loading feature importance files...
  CatBoost: 50 features
  XGBoost: 50 features
  RandomForest: 50 features

[2/3] Analyzing feature categories...

================================================================================
FEATURE IMPORTANCE SUMMARY BY CATEGORY
================================================================================

CatBoost:
--------------------------------------------------------------------------------
Category                Count    Total Imp     Mean Imp      Max Imp
--------------------------------------------------------------------------------
Quantile                   18       0.2711       0.0151       0.0314
Statistical                 7       0.2016       0.0288       0.0518
Autocorrelation             9       0.1761       0.0196       0.0421
Linear                      7       0.1417       0.0202       0.0494
Other                       5       0.1213       0.0243       0.0413
Ratio                       1       0.0275       0.0275       0.0275
Frequency                   1       0.0272       0.0272       0.0272
Complexity                  1       0.0260       0.0260       0.0260
Stationarity                1       0.0076       0.0076       0.0076

Total features: 50
Total importance: 1.0000

XGBoost:
--------------------------------------------------------------------------------
Category                Count    Total Imp     Mean Imp      Max Imp
--------------------------------------------------------------------------------
Quantile                   21       0.4416       0.0210       0.1118
Autocorrelation             6       0.1596       0.0266       0.0722
Linear                      8       0.1292       0.0162       0.0642
Statistical                 7       0.1249       0.0178       0.0769
Other                       5       0.0981       0.0196       0.0456
Ratio                       1       0.0297       0.0297       0.0297
Frequency                   1       0.0093       0.0093       0.0093
Stationarity                1       0.0075       0.0075       0.0075

Total features: 50
Total importance: 1.0000

RandomForest:
--------------------------------------------------------------------------------
Category                Count    Total Imp     Mean Imp      Max Imp
--------------------------------------------------------------------------------
Autocorrelation            12       0.3668       0.0306       0.0487
Quantile                   17       0.2942       0.0173       0.0430
Statistical                 8       0.1332       0.0166       0.0209
Other                       6       0.1039       0.0173       0.0308
Linear                      3       0.0478       0.0159       0.0224
Ratio                       2       0.0296       0.0148       0.0177
Complexity                  1       0.0127       0.0127       0.0127
Frequency                   1       0.0118       0.0118       0.0118

Total features: 50
Total importance: 1.0000


[3/3] Generating visualizations...
Figure saved to: figures/feature_importance_top30_comparison_model2.png
Figure saved to: figures/feature_importance_categories_model2.png

================================================================================
Analysis complete!
================================================================================

Step 2: Analyzing Errors...
  - Model 1 Errors...

================================================================================
MISCLASSIFICATION ANALYSIS
================================================================================
Model: Model 1 (Binary Classification)
Saved Models: /arf/home/iguzel/ts-stationary/hierarchical-ts-classification/03-models/hierarchical/model1_binary/output/model1_binary_features
================================================================================

[1/3] Loading misclassified samples...
  CatBoost: 121 misclassified samples
  XGBoost: 119 misclassified samples
  RandomForest: 135 misclassified samples
  SVM_Linear: 232 misclassified samples

Total misclassified samples: 607

[2/3] Analyzing worst cases...

================================================================================
TOP 10 WORST MISCLASSIFICATIONS (Highest Confidence Errors)
================================================================================


CatBoost:
--------------------------------------------------------------------------------
  ID:  16986 | True: Non-Stationary       → Predicted: Stationary           | Confidence: 0.9974
  ID:   5565 | True: Stationary           → Predicted: Non-Stationary       | Confidence: 0.9946
  ID:  16099 | True: Non-Stationary       → Predicted: Stationary           | Confidence: 0.9946
  ID:  17038 | True: Non-Stationary       → Predicted: Stationary           | Confidence: 0.9946
  ID:  16993 | True: Non-Stationary       → Predicted: Stationary           | Confidence: 0.9945
  ID:  16241 | True: Non-Stationary       → Predicted: Stationary           | Confidence: 0.9927
  ID:  16972 | True: Non-Stationary       → Predicted: Stationary           | Confidence: 0.9924
  ID:  18299 | True: Non-Stationary       → Predicted: Stationary           | Confidence: 0.9916
  ID:   1763 | True: Stationary           → Predicted: Non-Stationary       | Confidence: 0.9913
  ID:  16670 | True: Non-Stationary       → Predicted: Stationary           | Confidence: 0.9885

XGBoost:
--------------------------------------------------------------------------------
  ID:  16972 | True: Non-Stationary       → Predicted: Stationary           | Confidence: 1.0000
  ID:  16892 | True: Non-Stationary       → Predicted: Stationary           | Confidence: 1.0000
  ID:  16670 | True: Non-Stationary       → Predicted: Stationary           | Confidence: 1.0000
  ID:  16986 | True: Non-Stationary       → Predicted: Stationary           | Confidence: 1.0000
  ID:  16993 | True: Non-Stationary       → Predicted: Stationary           | Confidence: 1.0000
  ID:  16241 | True: Non-Stationary       → Predicted: Stationary           | Confidence: 0.9999
  ID:   5565 | True: Stationary           → Predicted: Non-Stationary       | Confidence: 0.9999
  ID:  17038 | True: Non-Stationary       → Predicted: Stationary           | Confidence: 0.9999
  ID:  16827 | True: Non-Stationary       → Predicted: Stationary           | Confidence: 0.9999
  ID:  16236 | True: Non-Stationary       → Predicted: Stationary           | Confidence: 0.9999

RandomForest:
--------------------------------------------------------------------------------
  ID:   5565 | True: Stationary           → Predicted: Non-Stationary       | Confidence: 1.0000
  ID:  16892 | True: Non-Stationary       → Predicted: Stationary           | Confidence: 1.0000
  ID:  16670 | True: Non-Stationary       → Predicted: Stationary           | Confidence: 0.9950
  ID:  16827 | True: Non-Stationary       → Predicted: Stationary           | Confidence: 0.9850
  ID:  17038 | True: Non-Stationary       → Predicted: Stationary           | Confidence: 0.9850
  ID:  16972 | True: Non-Stationary       → Predicted: Stationary           | Confidence: 0.9750
  ID:  16985 | True: Non-Stationary       → Predicted: Stationary           | Confidence: 0.9750
  ID:  16837 | True: Non-Stationary       → Predicted: Stationary           | Confidence: 0.9700
  ID:  16236 | True: Non-Stationary       → Predicted: Stationary           | Confidence: 0.9700
  ID:  16986 | True: Non-Stationary       → Predicted: Stationary           | Confidence: 0.9650

SVM_Linear:
--------------------------------------------------------------------------------
  ID:   5229 | True: Stationary           → Predicted: Non-Stationary       | Confidence: 1.0000
  ID:   1763 | True: Stationary           → Predicted: Non-Stationary       | Confidence: 1.0000
  ID:   5595 | True: Stationary           → Predicted: Non-Stationary       | Confidence: 1.0000
  ID:    921 | True: Stationary           → Predicted: Non-Stationary       | Confidence: 1.0000
  ID:   5565 | True: Stationary           → Predicted: Non-Stationary       | Confidence: 1.0000
  ID:   7110 | True: Stationary           → Predicted: Non-Stationary       | Confidence: 1.0000
  ID:   1626 | True: Stationary           → Predicted: Non-Stationary       | Confidence: 1.0000
  ID:  16099 | True: Non-Stationary       → Predicted: Stationary           | Confidence: 1.0000
  ID:  16388 | True: Non-Stationary       → Predicted: Stationary           | Confidence: 0.9999
  ID:  16993 | True: Non-Stationary       → Predicted: Stationary           | Confidence: 0.9976

[3/3] Generating visualizations...

Figure saved to: figures/error_analysis_model_1_(binary_classification).png

================================================================================
Analysis complete!
================================================================================

  - Model 2 Errors...

================================================================================
MISCLASSIFICATION ANALYSIS
================================================================================
Model: Model 2 (5-Class Classification)
Saved Models: /arf/home/iguzel/ts-stationary/hierarchical-ts-classification/03-models/hierarchical/model2_nonstationary/output/model2_nonstationary_features
================================================================================

[1/3] Loading misclassified samples...
  XGBoost: 40 misclassified samples
  CatBoost: 53 misclassified samples
  SVM_RBF: 146 misclassified samples
  RandomForest: 55 misclassified samples

Total misclassified samples: 294

[2/3] Analyzing worst cases...

================================================================================
TOP 10 WORST MISCLASSIFICATIONS (Highest Confidence Errors)
================================================================================


XGBoost:
--------------------------------------------------------------------------------
  ID:  13765 | True: Stochastic           → Predicted: Structural Break     | Confidence: 0.9998
  ID:  17155 | True: Anomaly              → Predicted: Volatility           | Confidence: 0.9987
  ID:  19362 | True: Structural Break     → Predicted: Trend                | Confidence: 0.9982
  ID:  18179 | True: Structural Break     → Predicted: Anomaly              | Confidence: 0.9964
  ID:  19404 | True: Structural Break     → Predicted: Stochastic           | Confidence: 0.9963
  ID:  17928 | True: Structural Break     → Predicted: Stochastic           | Confidence: 0.9958
  ID:  13310 | True: Stochastic           → Predicted: Structural Break     | Confidence: 0.9952
  ID:  15048 | True: Volatility           → Predicted: Anomaly              | Confidence: 0.9944
  ID:  13604 | True: Stochastic           → Predicted: Structural Break     | Confidence: 0.9843
  ID:  15364 | True: Volatility           → Predicted: Anomaly              | Confidence: 0.9808

CatBoost:
--------------------------------------------------------------------------------
  ID:  13765 | True: Stochastic           → Predicted: Structural Break     | Confidence: 0.9700
  ID:  19571 | True: Structural Break     → Predicted: Stochastic           | Confidence: 0.9640
  ID:  19404 | True: Structural Break     → Predicted: Stochastic           | Confidence: 0.9504
  ID:  18179 | True: Structural Break     → Predicted: Anomaly              | Confidence: 0.9492
  ID:  13070 | True: Stochastic           → Predicted: Structural Break     | Confidence: 0.9272
  ID:  15364 | True: Volatility           → Predicted: Anomaly              | Confidence: 0.9190
  ID:  19866 | True: Structural Break     → Predicted: Stochastic           | Confidence: 0.9101
  ID:  18083 | True: Structural Break     → Predicted: Anomaly              | Confidence: 0.9099
  ID:  19362 | True: Structural Break     → Predicted: Trend                | Confidence: 0.8960
  ID:  13310 | True: Stochastic           → Predicted: Structural Break     | Confidence: 0.8951

SVM_RBF:
--------------------------------------------------------------------------------
  ID:  13652 | True: Stochastic           → Predicted: Trend                | Confidence: 0.9924
  ID:  13765 | True: Stochastic           → Predicted: Structural Break     | Confidence: 0.9820
  ID:  18179 | True: Structural Break     → Predicted: Anomaly              | Confidence: 0.9773
  ID:  13641 | True: Stochastic           → Predicted: Trend                | Confidence: 0.9765
  ID:  19362 | True: Structural Break     → Predicted: Trend                | Confidence: 0.9747
  ID:  13310 | True: Stochastic           → Predicted: Structural Break     | Confidence: 0.9678
  ID:  12749 | True: Stochastic           → Predicted: Structural Break     | Confidence: 0.9663
  ID:  15048 | True: Volatility           → Predicted: Anomaly              | Confidence: 0.9575
  ID:  13578 | True: Stochastic           → Predicted: Structural Break     | Confidence: 0.9549
  ID:  16566 | True: Anomaly              → Predicted: Volatility           | Confidence: 0.9407

RandomForest:
--------------------------------------------------------------------------------
  ID:  13765 | True: Stochastic           → Predicted: Structural Break     | Confidence: 0.9200
  ID:  13310 | True: Stochastic           → Predicted: Structural Break     | Confidence: 0.9000
  ID:  19404 | True: Structural Break     → Predicted: Stochastic           | Confidence: 0.8800
  ID:  18083 | True: Structural Break     → Predicted: Anomaly              | Confidence: 0.8750
  ID:  17928 | True: Structural Break     → Predicted: Stochastic           | Confidence: 0.8500
  ID:  19866 | True: Structural Break     → Predicted: Stochastic           | Confidence: 0.8350
  ID:  17626 | True: Anomaly              → Predicted: Stochastic           | Confidence: 0.8300
  ID:  18179 | True: Structural Break     → Predicted: Anomaly              | Confidence: 0.8200
  ID:  15364 | True: Volatility           → Predicted: Anomaly              | Confidence: 0.8100
  ID:  13604 | True: Stochastic           → Predicted: Structural Break     | Confidence: 0.8050

[3/3] Generating visualizations...

Figure saved to: figures/error_analysis_model_2_(5-class_classification).png

================================================================================
Analysis complete!
================================================================================


============================================================
Post-Processing Complete!
============================================================
Figures saved in: /arf/home/iguzel/ts-stationary/hierarchical-ts-classification/04-postprocessing/figures
End time: Thu Nov 27 03:35:29 PM +03 2025
