[0;32m============================================================================[0m
[0;32mBASELINE COMPARISON: Traditional Tests vs ML Model[0m
[0;32m============================================================================[0m
Start time: Thu Nov 27 03:35:49 PM +03 2025

[1;33mConfiguration:[0m
  Data path: /arf/home/iguzel/ts-stationary/hierarchical-ts-classification/data/raw/unified-20k
  Output dir: /arf/home/iguzel/ts-stationary/hierarchical-ts-classification/05-baseline-comparison/results
  Sample size: 1000 series per pattern
  Alpha: 0.05
  Parallel workers: 100

[0;34mRunning baseline tests...[0m
This will take approximately 5-10 minutes (~10K sampled series, 100 cores).


================================================================================
BASELINE COMPARISON: Traditional Stationarity Tests
================================================================================
Data path: /arf/home/iguzel/ts-stationary/hierarchical-ts-classification/data/raw/unified-20k
Output dir: /arf/home/iguzel/ts-stationary/hierarchical-ts-classification/05-baseline-comparison/results
Alpha: 0.05
Sample size: 1000
Parallel jobs: 100
================================================================================

Loading raw time series from /arf/home/iguzel/ts-stationary/hierarchical-ts-classification/data/raw/unified-20k...
  Loading stationary/ar...
    stationary/ar: 1000 series
  Loading stationary/ma...
    stationary/ma: 1000 series
  Loading stationary/arma...
    stationary/arma: 1000 series
  Loading stationary/white_noise...
    stationary/white_noise: 1000 series
  Loading deterministic_trend_linear...
    deterministic_trend_linear: 392 series
  Loading deterministic_trend_quadratic...
    deterministic_trend_quadratic: 392 series
  Loading deterministic_trend_cubic...
    deterministic_trend_cubic: 392 series
  Loading deterministic_trend_exponential...
    deterministic_trend_exponential: 392 series
  Loading deterministic_trend_damped...
    deterministic_trend_damped: 392 series
  Loading stochastic...
    stochastic: 1995 series
  Loading volatility...
    volatility: 1996 series
  Loading point_anomaly_single...
    point_anomaly_single: 220 series
  Loading point_anomaly_multiple...
    point_anomaly_multiple: 664 series
  Loading multi_collective_anomaly...
    multi_collective_anomaly: 664 series
  Loading multi_mean_shift...
    multi_mean_shift: 664 series
  Loading multi_variance_shift...
    multi_variance_shift: 664 series
  Loading multi_trend_shift...
    multi_trend_shift: 332 series

Loaded 13159 total series
  Stationary: 4000
  Non-stationary: 9159
  Average length: 5515

================================================================================
Running ADF Test (p<0.05)...
================================================================================
Processing 13159 series with 100 workers...

ADF Test (p<0.05):   0%|          | 0/101 [00:00<?, ?chunk/s]
ADF Test (p<0.05):  99%|█████████▉| 100/101 [00:00<00:00, 213.31chunk/s]
ADF Test (p<0.05): 100%|██████████| 101/101 [00:00<00:00, 215.07chunk/s]

ADF Test (p<0.05) Results:
  Accuracy:  60.80%
  Precision: 0.8283
  Recall:    0.6080
  F1-Score:  0.6081
  Samples:   13159

================================================================================
Running KPSS Test (constant)...
================================================================================
Processing 13159 series with 100 workers...

KPSS Test (constant):   0%|          | 0/101 [00:00<?, ?chunk/s]
KPSS Test (constant): 100%|██████████| 101/101 [00:00<00:00, 29133.12chunk/s]
/arf/home/iguzel/ts-stationary/hierarchical-ts-classification/05-baseline-comparison/compute_baselines.py:223: InterpolationWarning: The test statistic is outside of the range of p-values available in the
look-up table. The actual p-value is greater than the p-value returned.

  result = kpss(series, regression=regression, nlags='auto')
/arf/home/iguzel/ts-stationary/hierarchical-ts-classification/05-baseline-comparison/compute_baselines.py:223: InterpolationWarning: The test statistic is outside of the range of p-values available in the
look-up table. The actual p-value is greater than the p-value returned.

  result = kpss(series, regression=regression, nlags='auto')


KPSS Test (constant) Results:
  Accuracy:  71.83%
  Precision: 0.8272
  Recall:    0.7183
  F1-Score:  0.7286
  Samples:   13159

================================================================================
Running Phillips-Perron Test...
================================================================================
Processing 13159 series with 100 workers...

Phillips-Perron Test:   0%|          | 0/101 [00:00<?, ?chunk/s]
Phillips-Perron Test:  99%|█████████▉| 100/101 [00:00<00:00, 826.12chunk/s]
Phillips-Perron Test: 100%|██████████| 101/101 [00:00<00:00, 830.30chunk/s]

Phillips-Perron Test Results:
  Accuracy:  49.69%
  Precision: 0.8102
  Recall:    0.4969
  F1-Score:  0.4685
  Samples:   13159

================================================================================
Creating visualizations...
================================================================================

Comparison figure saved: /arf/home/iguzel/ts-stationary/hierarchical-ts-classification/05-baseline-comparison/results/baseline_comparison.png
Confusion matrices saved: /arf/home/iguzel/ts-stationary/hierarchical-ts-classification/05-baseline-comparison/results/confusion_matrices.png

================================================================================
Saving results...
================================================================================
Summary saved: /arf/home/iguzel/ts-stationary/hierarchical-ts-classification/05-baseline-comparison/results/baseline_summary.csv
Detailed results saved: /arf/home/iguzel/ts-stationary/hierarchical-ts-classification/05-baseline-comparison/results/detailed_adf_test_p<0.05.csv
Detailed results saved: /arf/home/iguzel/ts-stationary/hierarchical-ts-classification/05-baseline-comparison/results/detailed_kpss_test_constant.csv
Detailed results saved: /arf/home/iguzel/ts-stationary/hierarchical-ts-classification/05-baseline-comparison/results/detailed_phillips-perron_test.csv

================================================================================
BASELINE COMPARISON COMPLETE!
================================================================================

Summary:
  ADF Test (p<0.05)               60.80%
  KPSS Test (constant)            71.83%
  Phillips-Perron Test            49.69%

  Average Baseline:               66.32%
  Improvement:                   -16.62% (absolute)

Results saved in: /arf/home/iguzel/ts-stationary/hierarchical-ts-classification/05-baseline-comparison/results/
  baseline_summary.csv
  baseline_comparison.png
  confusion_matrices.png
  detailed_*.csv


[0;32m============================================================================[0m
[0;32mBASELINE COMPARISON COMPLETE![0m
[0;32m============================================================================[0m
End time: Thu Nov 27 04:22:24 PM +03 2025

[1;33mResults saved in: /arf/home/iguzel/ts-stationary/hierarchical-ts-classification/05-baseline-comparison/results[0m
total 1.7M
-rw-r--r--. 1 iguzel iguzel  85K Nov 27 16:22 baseline_comparison.png
-rw-r--r--. 1 iguzel iguzel  239 Nov 27 16:22 baseline_summary.csv
-rw-r--r--. 1 iguzel iguzel  89K Nov 27 16:22 confusion_matrices.png
-rw-r--r--. 1 iguzel iguzel 489K Nov 27 16:22 detailed_adf_test_p<0.05.csv
-rw-r--r--. 1 iguzel iguzel 487K Nov 27 16:22 detailed_kpss_test_constant.csv
-rw-r--r--. 1 iguzel iguzel 490K Nov 27 16:22 detailed_phillips-perron_test.csv

[1;33mSummary:[0m
Method                Accuracy  Precision  Recall  F1-Score  N_Samples  N_Correct
ADF Test (p<0.05)     60.80%    0.8283     0.6080  0.6081    13159      8001
KPSS Test (constant)  71.83%    0.8272     0.7183  0.7286    13159      9452
Phillips-Perron Test  49.69%    0.8102     0.4969  0.4685    13159      6539

[1;33mNext Steps:[0m
  1. Review results: cat /arf/home/iguzel/ts-stationary/hierarchical-ts-classification/05-baseline-comparison/results/baseline_summary.csv
  2. View figures: /arf/home/iguzel/ts-stationary/hierarchical-ts-classification/05-baseline-comparison/results/baseline_comparison.png
  3. Update Technical Report

[0;32m============================================================================[0m
