============================================================
Starting Preprocessing Pipeline (20k)
============================================================
Input:  /arf/home/iguzel/ts-stationary/hierarchical-ts-classification/data/raw/unified-20k
Output: /arf/home/iguzel/ts-stationary/hierarchical-ts-classification/data/features/unified-20k/selected

Step 1: Feature Extraction (Chunked & Parallel)
Found 77 files to process.
Initialized with 100 cores.
Feature Set: efficient

[1/77] Processing: /arf/home/iguzel/ts-stationary/hierarchical-ts-classification/data/raw/unified-20k/deterministic_trend_cubic/down/ar/long.parquet
   Done in 3.7s. Shape: (49, 777)

[2/77] Processing: /arf/home/iguzel/ts-stationary/hierarchical-ts-classification/data/raw/unified-20k/deterministic_trend_cubic/down/arma/long.parquet
   Done in 2.2s. Shape: (49, 777)

[3/77] Processing: /arf/home/iguzel/ts-stationary/hierarchical-ts-classification/data/raw/unified-20k/deterministic_trend_cubic/down/ma/long.parquet
   Done in 2.5s. Shape: (49, 777)

[4/77] Processing: /arf/home/iguzel/ts-stationary/hierarchical-ts-classification/data/raw/unified-20k/deterministic_trend_cubic/down/white_noise/long.parquet
   Done in 3.2s. Shape: (49, 777)

[5/77] Processing: /arf/home/iguzel/ts-stationary/hierarchical-ts-classification/data/raw/unified-20k/deterministic_trend_cubic/up/ar/long.parquet
   Done in 2.7s. Shape: (49, 777)

[6/77] Processing: /arf/home/iguzel/ts-stationary/hierarchical-ts-classification/data/raw/unified-20k/deterministic_trend_cubic/up/arma/long.parquet
   Done in 2.7s. Shape: (49, 777)

[7/77] Processing: /arf/home/iguzel/ts-stationary/hierarchical-ts-classification/data/raw/unified-20k/deterministic_trend_cubic/up/ma/long.parquet
   Done in 2.6s. Shape: (49, 777)

[8/77] Processing: /arf/home/iguzel/ts-stationary/hierarchical-ts-classification/data/raw/unified-20k/deterministic_trend_cubic/up/white_noise/long.parquet
   Done in 2.6s. Shape: (49, 777)

[9/77] Processing: /arf/home/iguzel/ts-stationary/hierarchical-ts-classification/data/raw/unified-20k/deterministic_trend_damped/down/ar/long.parquet
   Done in 2.6s. Shape: (49, 777)

[10/77] Processing: /arf/home/iguzel/ts-stationary/hierarchical-ts-classification/data/raw/unified-20k/deterministic_trend_damped/down/arma/long.parquet
   Done in 2.8s. Shape: (49, 777)

[11/77] Processing: /arf/home/iguzel/ts-stationary/hierarchical-ts-classification/data/raw/unified-20k/deterministic_trend_damped/down/ma/long.parquet
   Done in 2.1s. Shape: (49, 777)

[12/77] Processing: /arf/home/iguzel/ts-stationary/hierarchical-ts-classification/data/raw/unified-20k/deterministic_trend_damped/down/white_noise/long.parquet
   Done in 2.8s. Shape: (49, 777)

[13/77] Processing: /arf/home/iguzel/ts-stationary/hierarchical-ts-classification/data/raw/unified-20k/deterministic_trend_damped/up/ar/long.parquet
   Done in 3.3s. Shape: (49, 777)

[14/77] Processing: /arf/home/iguzel/ts-stationary/hierarchical-ts-classification/data/raw/unified-20k/deterministic_trend_damped/up/arma/long.parquet
   Done in 3.0s. Shape: (49, 777)

[15/77] Processing: /arf/home/iguzel/ts-stationary/hierarchical-ts-classification/data/raw/unified-20k/deterministic_trend_damped/up/ma/long.parquet
   Done in 3.2s. Shape: (49, 777)

[16/77] Processing: /arf/home/iguzel/ts-stationary/hierarchical-ts-classification/data/raw/unified-20k/deterministic_trend_damped/up/white_noise/long.parquet
   Done in 3.2s. Shape: (49, 777)

[17/77] Processing: /arf/home/iguzel/ts-stationary/hierarchical-ts-classification/data/raw/unified-20k/deterministic_trend_exponential/down/ar/long.parquet
   Done in 2.8s. Shape: (49, 777)

[18/77] Processing: /arf/home/iguzel/ts-stationary/hierarchical-ts-classification/data/raw/unified-20k/deterministic_trend_exponential/down/arma/long.parquet
   Done in 2.8s. Shape: (49, 777)

[19/77] Processing: /arf/home/iguzel/ts-stationary/hierarchical-ts-classification/data/raw/unified-20k/deterministic_trend_exponential/down/ma/long.parquet
   Done in 2.8s. Shape: (49, 777)

[20/77] Processing: /arf/home/iguzel/ts-stationary/hierarchical-ts-classification/data/raw/unified-20k/deterministic_trend_exponential/down/white_noise/long.parquet
   Done in 2.3s. Shape: (49, 777)

[21/77] Processing: /arf/home/iguzel/ts-stationary/hierarchical-ts-classification/data/raw/unified-20k/deterministic_trend_exponential/up/ar/long.parquet
   Done in 2.6s. Shape: (49, 777)

[22/77] Processing: /arf/home/iguzel/ts-stationary/hierarchical-ts-classification/data/raw/unified-20k/deterministic_trend_exponential/up/arma/long.parquet
   Done in 2.3s. Shape: (49, 777)

[23/77] Processing: /arf/home/iguzel/ts-stationary/hierarchical-ts-classification/data/raw/unified-20k/deterministic_trend_exponential/up/ma/long.parquet
   Done in 3.1s. Shape: (49, 777)

[24/77] Processing: /arf/home/iguzel/ts-stationary/hierarchical-ts-classification/data/raw/unified-20k/deterministic_trend_exponential/up/white_noise/long.parquet
   Done in 3.2s. Shape: (49, 777)

[25/77] Processing: /arf/home/iguzel/ts-stationary/hierarchical-ts-classification/data/raw/unified-20k/deterministic_trend_linear/down/ar/long.parquet
   Done in 2.5s. Shape: (49, 777)

[26/77] Processing: /arf/home/iguzel/ts-stationary/hierarchical-ts-classification/data/raw/unified-20k/deterministic_trend_linear/down/arma/long.parquet
   Done in 2.6s. Shape: (49, 777)

[27/77] Processing: /arf/home/iguzel/ts-stationary/hierarchical-ts-classification/data/raw/unified-20k/deterministic_trend_linear/down/ma/long.parquet
   Done in 2.5s. Shape: (49, 777)

[28/77] Processing: /arf/home/iguzel/ts-stationary/hierarchical-ts-classification/data/raw/unified-20k/deterministic_trend_linear/down/white_noise/long.parquet
   Done in 2.5s. Shape: (49, 777)

[29/77] Processing: /arf/home/iguzel/ts-stationary/hierarchical-ts-classification/data/raw/unified-20k/deterministic_trend_linear/up/ar/long.parquet
   Done in 2.4s. Shape: (49, 777)

[30/77] Processing: /arf/home/iguzel/ts-stationary/hierarchical-ts-classification/data/raw/unified-20k/deterministic_trend_linear/up/arma/long.parquet
   Done in 2.9s. Shape: (49, 777)

[31/77] Processing: /arf/home/iguzel/ts-stationary/hierarchical-ts-classification/data/raw/unified-20k/deterministic_trend_linear/up/ma/long.parquet
   Done in 3.0s. Shape: (49, 777)

[32/77] Processing: /arf/home/iguzel/ts-stationary/hierarchical-ts-classification/data/raw/unified-20k/deterministic_trend_linear/up/white_noise/long.parquet
   Done in 3.6s. Shape: (49, 777)

[33/77] Processing: /arf/home/iguzel/ts-stationary/hierarchical-ts-classification/data/raw/unified-20k/deterministic_trend_quadratic/down/ar/long.parquet
   Done in 3.0s. Shape: (49, 777)

[34/77] Processing: /arf/home/iguzel/ts-stationary/hierarchical-ts-classification/data/raw/unified-20k/deterministic_trend_quadratic/down/arma/long.parquet
   Done in 2.7s. Shape: (49, 777)

[35/77] Processing: /arf/home/iguzel/ts-stationary/hierarchical-ts-classification/data/raw/unified-20k/deterministic_trend_quadratic/down/ma/long.parquet
   Done in 2.7s. Shape: (49, 777)

[36/77] Processing: /arf/home/iguzel/ts-stationary/hierarchical-ts-classification/data/raw/unified-20k/deterministic_trend_quadratic/down/white_noise/long.parquet
   Done in 2.5s. Shape: (49, 777)

[37/77] Processing: /arf/home/iguzel/ts-stationary/hierarchical-ts-classification/data/raw/unified-20k/deterministic_trend_quadratic/up/ar/long.parquet
   Done in 2.3s. Shape: (49, 777)

[38/77] Processing: /arf/home/iguzel/ts-stationary/hierarchical-ts-classification/data/raw/unified-20k/deterministic_trend_quadratic/up/arma/long.parquet
   Done in 3.1s. Shape: (49, 777)

[39/77] Processing: /arf/home/iguzel/ts-stationary/hierarchical-ts-classification/data/raw/unified-20k/deterministic_trend_quadratic/up/ma/long.parquet
   Done in 3.2s. Shape: (49, 777)

[40/77] Processing: /arf/home/iguzel/ts-stationary/hierarchical-ts-classification/data/raw/unified-20k/deterministic_trend_quadratic/up/white_noise/long.parquet
   Done in 3.2s. Shape: (49, 777)

[41/77] Processing: /arf/home/iguzel/ts-stationary/hierarchical-ts-classification/data/raw/unified-20k/multi_collective_anomaly/ar/long.parquet
   Done in 14.1s. Shape: (166, 777)

[42/77] Processing: /arf/home/iguzel/ts-stationary/hierarchical-ts-classification/data/raw/unified-20k/multi_collective_anomaly/arma/long.parquet
   Done in 13.5s. Shape: (166, 777)

[43/77] Processing: /arf/home/iguzel/ts-stationary/hierarchical-ts-classification/data/raw/unified-20k/multi_collective_anomaly/ma/long.parquet
   Done in 13.7s. Shape: (166, 777)

[44/77] Processing: /arf/home/iguzel/ts-stationary/hierarchical-ts-classification/data/raw/unified-20k/multi_collective_anomaly/white_noise/long.parquet
   Done in 14.1s. Shape: (166, 777)

[45/77] Processing: /arf/home/iguzel/ts-stationary/hierarchical-ts-classification/data/raw/unified-20k/multi_mean_shift/ar/long.parquet
   Done in 14.8s. Shape: (166, 777)

[46/77] Processing: /arf/home/iguzel/ts-stationary/hierarchical-ts-classification/data/raw/unified-20k/multi_mean_shift/arma/long.parquet
   Done in 15.6s. Shape: (166, 777)

[47/77] Processing: /arf/home/iguzel/ts-stationary/hierarchical-ts-classification/data/raw/unified-20k/multi_mean_shift/ma/long.parquet
   Done in 14.2s. Shape: (166, 777)

[48/77] Processing: /arf/home/iguzel/ts-stationary/hierarchical-ts-classification/data/raw/unified-20k/multi_mean_shift/white_noise/long.parquet
   Done in 14.7s. Shape: (166, 777)

[49/77] Processing: /arf/home/iguzel/ts-stationary/hierarchical-ts-classification/data/raw/unified-20k/multi_trend_shift/ar/long.parquet
   Done in 7.8s. Shape: (83, 777)

[50/77] Processing: /arf/home/iguzel/ts-stationary/hierarchical-ts-classification/data/raw/unified-20k/multi_trend_shift/arma/long.parquet
   Done in 7.7s. Shape: (83, 777)

[51/77] Processing: /arf/home/iguzel/ts-stationary/hierarchical-ts-classification/data/raw/unified-20k/multi_trend_shift/ma/long.parquet
   Done in 8.2s. Shape: (83, 777)

[52/77] Processing: /arf/home/iguzel/ts-stationary/hierarchical-ts-classification/data/raw/unified-20k/multi_trend_shift/white_noise/long.parquet
   Done in 7.5s. Shape: (83, 777)

[53/77] Processing: /arf/home/iguzel/ts-stationary/hierarchical-ts-classification/data/raw/unified-20k/multi_variance_shift/ar/long.parquet
   Done in 14.8s. Shape: (166, 777)

[54/77] Processing: /arf/home/iguzel/ts-stationary/hierarchical-ts-classification/data/raw/unified-20k/multi_variance_shift/arma/long.parquet
   Done in 14.3s. Shape: (166, 777)

[55/77] Processing: /arf/home/iguzel/ts-stationary/hierarchical-ts-classification/data/raw/unified-20k/multi_variance_shift/ma/long.parquet
   Done in 15.0s. Shape: (166, 777)

[56/77] Processing: /arf/home/iguzel/ts-stationary/hierarchical-ts-classification/data/raw/unified-20k/multi_variance_shift/white_noise/long.parquet
   Done in 14.7s. Shape: (166, 777)

[57/77] Processing: /arf/home/iguzel/ts-stationary/hierarchical-ts-classification/data/raw/unified-20k/point_anomaly_multiple/ar/long.parquet
   Done in 13.9s. Shape: (166, 777)

[58/77] Processing: /arf/home/iguzel/ts-stationary/hierarchical-ts-classification/data/raw/unified-20k/point_anomaly_multiple/arma/long.parquet
   Done in 13.9s. Shape: (166, 777)

[59/77] Processing: /arf/home/iguzel/ts-stationary/hierarchical-ts-classification/data/raw/unified-20k/point_anomaly_multiple/ma/long.parquet
   Done in 14.0s. Shape: (166, 777)

[60/77] Processing: /arf/home/iguzel/ts-stationary/hierarchical-ts-classification/data/raw/unified-20k/point_anomaly_multiple/white_noise/long.parquet
   Done in 14.2s. Shape: (166, 777)

[61/77] Processing: /arf/home/iguzel/ts-stationary/hierarchical-ts-classification/data/raw/unified-20k/point_anomaly_single/ar/long.parquet
   Done in 3.0s. Shape: (55, 777)

[62/77] Processing: /arf/home/iguzel/ts-stationary/hierarchical-ts-classification/data/raw/unified-20k/point_anomaly_single/arma/long.parquet
   Done in 3.0s. Shape: (55, 777)

[63/77] Processing: /arf/home/iguzel/ts-stationary/hierarchical-ts-classification/data/raw/unified-20k/point_anomaly_single/ma/long.parquet
   Done in 3.4s. Shape: (55, 777)

[64/77] Processing: /arf/home/iguzel/ts-stationary/hierarchical-ts-classification/data/raw/unified-20k/point_anomaly_single/white_noise/long.parquet
   Done in 3.8s. Shape: (55, 777)

[65/77] Processing: /arf/home/iguzel/ts-stationary/hierarchical-ts-classification/data/raw/unified-20k/stationary/ar/long.parquet
   Done in 156.0s. Shape: (2497, 777)

[66/77] Processing: /arf/home/iguzel/ts-stationary/hierarchical-ts-classification/data/raw/unified-20k/stationary/arma/long.parquet
