================================================================================
MODEL 1 AUTOTRAIN - Binary Classification
================================================================================
Engine       : autogluon
Features path: ../../../data/features/unified-20k/allfeatures
Test size    : 0.2
================================================================================

[1/4] Loading features and labels...
✓ Features: (19134, 778)
✓ Samples : 19134

[2/4] Train/Test split...
Train: 15,307  Test: 3,827

[3/4] Training...
Warning: path already exists! This predictor may overwrite an existing predictor! path="save_models/unified-20k/autogluon/allfeatures/model1_binary_autogluon"
Preset alias specified: 'medium_quality_faster_train' maps to 'medium_quality'.
Verbosity: 2 (Standard Logging)
=================== System Info ===================
AutoGluon Version:  1.4.0
Python Version:     3.12.12
Operating System:   Linux
Platform Machine:   x86_64
Platform Version:   #1 SMP PREEMPT_DYNAMIC Sat Sep 16 09:55:41 UTC 2023
CPU Count:          224
Memory Avail:       476.72 GB / 503.06 GB (94.8%)
Disk Space Avail:   12073.68 GB / 505708.16 GB (2.4%)
===================================================
Presets specified: ['medium_quality_faster_train']
Using hyperparameters preset: hyperparameters='default'
Beginning AutoGluon training ... Time limit = 3600s
AutoGluon will save models to "/arf/home/iguzel/ts-stationary/hierarchical-ts-classification/03-models/hierarchical/model1_binary/save_models/unified-20k/autogluon/allfeatures/model1_binary_autogluon"
Train Data Rows:    15307
Train Data Columns: 778
Label Column:       _label
Problem Type:       binary
Preprocessing data ...
Selected class <--> label mapping:  class 1 = 1, class 0 = 0
Using Feature Generators to preprocess the data ...
Fitting AutoMLPipelineFeatureGenerator...
	Available Memory:                    488158.46 MB
	Train Data (Original)  Memory Usage: 90.86 MB (0.0% of available memory)
	Inferring data type of each feature based on column values. Set feature_metadata_in to manually specify special dtypes of the features.
	Stage 1 Generators:
		Fitting AsTypeFeatureGenerator...
			Note: Converting 14 features to boolean dtype as they only contain 2 unique values.
	Stage 2 Generators:
		Fitting FillNaFeatureGenerator...
	Stage 3 Generators:
		Fitting IdentityFeatureGenerator...
	Stage 4 Generators:
		Fitting DropUniqueFeatureGenerator...
	Stage 5 Generators:
		Fitting DropDuplicatesFeatureGenerator...
	Useless Original Features (Count: 36): ['data__fft_coefficient__attr_"imag"__coeff_0', 'data__has_duplicate_max', 'data__has_duplicate_min', 'data__large_standard_deviation__r_0.4', 'data__large_standard_deviation__r_0.45', 'data__large_standard_deviation__r_0.5', 'data__large_standard_deviation__r_0.55', 'data__large_standard_deviation__r_0.6000000000000001', 'data__large_standard_deviation__r_0.65', 'data__large_standard_deviation__r_0.7000000000000001', 'data__large_standard_deviation__r_0.75', 'data__large_standard_deviation__r_0.8', 'data__large_standard_deviation__r_0.8500000000000001', 'data__large_standard_deviation__r_0.9', 'data__large_standard_deviation__r_0.9500000000000001', 'data__partial_autocorrelation__lag_0', 'data__query_similarity_count__query_None__threshold_0.0', 'data__symmetry_looking__r_0.0', 'data__symmetry_looking__r_0.25', 'data__symmetry_looking__r_0.30000000000000004', 'data__symmetry_looking__r_0.35000000000000003', 'data__symmetry_looking__r_0.4', 'data__symmetry_looking__r_0.45', 'data__symmetry_looking__r_0.5', 'data__symmetry_looking__r_0.55', 'data__symmetry_looking__r_0.6000000000000001', 'data__symmetry_looking__r_0.65', 'data__symmetry_looking__r_0.7000000000000001', 'data__symmetry_looking__r_0.75', 'data__symmetry_looking__r_0.8', 'data__symmetry_looking__r_0.8500000000000001', 'data__symmetry_looking__r_0.9', 'data__symmetry_looking__r_0.9500000000000001', 'data__value_count__value_-1', 'data__value_count__value_0', 'data__value_count__value_1']
		These features carry no predictive signal and should be manually investigated.
		This is typically a feature which has the same value for all rows.
		These features do not need to be present at inference time.
	Unused Original Features (Count: 1): ['data__mean_abs_change']
		These features were not used to generate any of the output features. Add a feature generator compatible with these features to utilize them.
		Features can also be unused if they carry very little information, such as being categorical but having almost entirely unique values or being duplicates of other features.
		These features do not need to be present at inference time.
		('float', []) : 1 | ['data__mean_abs_change']
	Types of features in original data (raw dtype, special dtypes):
		('float', []) : 740 | ['data__abs_energy', 'data__absolute_maximum', 'data__absolute_sum_of_changes', 'data__agg_autocorrelation__f_agg_"mean"__maxlag_40', 'data__agg_autocorrelation__f_agg_"median"__maxlag_40', ...]
		('int', [])   :   1 | ['series_id']
	Types of features in processed data (raw dtype, special dtypes):
		('float', [])     : 726 | ['data__abs_energy', 'data__absolute_maximum', 'data__absolute_sum_of_changes', 'data__agg_autocorrelation__f_agg_"mean"__maxlag_40', 'data__agg_autocorrelation__f_agg_"median"__maxlag_40', ...]
		('int', [])       :   1 | ['series_id']
		('int', ['bool']) :  14 | ['data__fft_coefficient__attr_"angle"__coeff_0', 'data__has_duplicate', 'data__large_standard_deviation__r_0.05', 'data__large_standard_deviation__r_0.1', 'data__large_standard_deviation__r_0.15000000000000002', ...]
	2.8s = Fit runtime
	741 features in original data used to generate 741 features in processed data.
	Train Data (Processed) Memory Usage: 85.11 MB (0.0% of available memory)
Data preprocessing and feature engineering runtime = 3.25s ...
AutoGluon will gauge predictive performance using evaluation metric: 'accuracy'
	To change this, specify the eval_metric parameter of Predictor()
Automatically generating train/validation split with holdout_frac=0.1, Train Rows: 13776, Val Rows: 1531
User-specified model hyperparameters to be fit:
{
	'NN_TORCH': [{}],
	'GBM': [{'extra_trees': True, 'ag_args': {'name_suffix': 'XT'}}, {}, {'learning_rate': 0.03, 'num_leaves': 128, 'feature_fraction': 0.9, 'min_data_in_leaf': 3, 'ag_args': {'name_suffix': 'Large', 'priority': 0, 'hyperparameter_tune_kwargs': None}}],
	'CAT': [{}],
	'XGB': [{}],
	'FASTAI': [{}],
	'RF': [{'criterion': 'gini', 'ag_args': {'name_suffix': 'Gini', 'problem_types': ['binary', 'multiclass']}}, {'criterion': 'entropy', 'ag_args': {'name_suffix': 'Entr', 'problem_types': ['binary', 'multiclass']}}, {'criterion': 'squared_error', 'ag_args': {'name_suffix': 'MSE', 'problem_types': ['regression', 'quantile']}}],
	'XT': [{'criterion': 'gini', 'ag_args': {'name_suffix': 'Gini', 'problem_types': ['binary', 'multiclass']}}, {'criterion': 'entropy', 'ag_args': {'name_suffix': 'Entr', 'problem_types': ['binary', 'multiclass']}}, {'criterion': 'squared_error', 'ag_args': {'name_suffix': 'MSE', 'problem_types': ['regression', 'quantile']}}],
}
Fitting 11 L1 models, fit_strategy="sequential" ...
Fitting model: LightGBMXT ... Training model for up to 3596.75s of the 3596.75s of remaining time.
	Fitting with cpus=112, gpus=0, mem=0.5/476.3 GB
	1.0	 = Validation score   (accuracy)
	7.65s	 = Training   runtime
	0.01s	 = Validation runtime
Fitting model: LightGBM ... Training model for up to 3589.07s of the 3589.07s of remaining time.
	Fitting with cpus=112, gpus=0, mem=0.5/476.1 GB
	1.0	 = Validation score   (accuracy)
	3.25s	 = Training   runtime
	0.01s	 = Validation runtime
Fitting model: RandomForestGini ... Training model for up to 3585.79s of the 3585.79s of remaining time.
	Fitting with cpus=224, gpus=0
	0.998	 = Validation score   (accuracy)
	3.47s	 = Training   runtime
	0.33s	 = Validation runtime
Fitting model: RandomForestEntr ... Training model for up to 3581.92s of the 3581.92s of remaining time.
	Fitting with cpus=224, gpus=0
	0.9928	 = Validation score   (accuracy)
	2.81s	 = Training   runtime
	0.36s	 = Validation runtime
Fitting model: CatBoost ... Training model for up to 3578.65s of the 3578.65s of remaining time.
	Fitting with cpus=112, gpus=0, mem=1.4/475.2 GB
	1.0	 = Validation score   (accuracy)
	9.29s	 = Training   runtime
	0.02s	 = Validation runtime
Fitting model: ExtraTreesGini ... Training model for up to 3569.33s of the 3569.33s of remaining time.
	Fitting with cpus=224, gpus=0
	0.9928	 = Validation score   (accuracy)
	2.32s	 = Training   runtime
	0.33s	 = Validation runtime
Fitting model: ExtraTreesEntr ... Training model for up to 3566.57s of the 3566.57s of remaining time.
	Fitting with cpus=224, gpus=0
	0.9935	 = Validation score   (accuracy)
	2.84s	 = Training   runtime
	0.31s	 = Validation runtime
Fitting model: NeuralNetFastAI ... Training model for up to 3563.34s of the 3563.34s of remaining time.
	Fitting with cpus=112, gpus=0, mem=0.7/474.1 GB
No improvement since epoch 9: early stopping
	1.0	 = Validation score   (accuracy)
	26.26s	 = Training   runtime
	0.08s	 = Validation runtime
Fitting model: XGBoost ... Training model for up to 3536.97s of the 3536.97s of remaining time.
	Fitting with cpus=112, gpus=0
	1.0	 = Validation score   (accuracy)
	4.15s	 = Training   runtime
	0.06s	 = Validation runtime
Fitting model: NeuralNetTorch ... Training model for up to 3532.74s of the 3532.74s of remaining time.
	Fitting with cpus=112, gpus=0, mem=0.4/473.9 GB
	0.9993	 = Validation score   (accuracy)
	58.63s	 = Training   runtime
	0.18s	 = Validation runtime
Fitting model: LightGBMLarge ... Training model for up to 3473.91s of the 3473.91s of remaining time.
	Fitting with cpus=112, gpus=0, mem=1.0/473.9 GB
	1.0	 = Validation score   (accuracy)
	16.88s	 = Training   runtime
	0.01s	 = Validation runtime
Fitting model: WeightedEnsemble_L2 ... Training model for up to 360.00s of the 3457.00s of remaining time.
	Ensemble Weights: {'XGBoost': 1.0}
	1.0	 = Validation score   (accuracy)
	0.05s	 = Training   runtime
	0.0s	 = Validation runtime
AutoGluon training complete, total runtime = 143.34s ... Best model: WeightedEnsemble_L2 | Estimated inference throughput: 24326.6 rows/s (1531 batch size)
Disabling decision threshold calibration for metric `accuracy` due to having fewer than 10000 rows of validation data for calibration, to avoid overfitting (1531 rows).
	`accuracy` is generally not improved through threshold calibration. Force calibration via specifying `calibrate_decision_threshold=True`.
TabularPredictor saved. To load, use: predictor = TabularPredictor.load("/arf/home/iguzel/ts-stationary/hierarchical-ts-classification/03-models/hierarchical/model1_binary/save_models/unified-20k/autogluon/allfeatures/model1_binary_autogluon")

[4/4] Evaluation
================================================================================
Test Accuracy : 1.0000 (100.00%)
Train Accuracy: 1.0000 (100.00%)
Train Time    : 143.87s

Test Classification Report:
                precision    recall  f1-score   support

    Stationary     1.0000    1.0000    1.0000      1998
Non-Stationary     1.0000    1.0000    1.0000      1829

      accuracy                         1.0000      3827
     macro avg     1.0000    1.0000    1.0000      3827
  weighted avg     1.0000    1.0000    1.0000      3827


Test Confusion Matrix:
                   Predicted
                   Stat    Non-Stat
Actual Stat        1998       0
       Non-Stat       0    1829

Train Classification Report:
                precision    recall  f1-score   support

    Stationary     1.0000    1.0000    1.0000      7990
Non-Stationary     1.0000    1.0000    1.0000      7317

      accuracy                         1.0000     15307
     macro avg     1.0000    1.0000    1.0000     15307
  weighted avg     1.0000    1.0000    1.0000     15307


Train Confusion Matrix:
                   Predicted
                   Stat    Non-Stat
Actual Stat        7990       0
       Non-Stat       0    7317

No misclassifications detected on the hold-out set.

================================================================================
✅ AUTOTRAIN COMPLETE
================================================================================
Engine     : autogluon
Test Acc   : 100.00%
Train Acc  : 100.00%
Artifacts  : save_models/unified-20k/autogluon/allfeatures/model1_binary_autogluon
Metadata   : save_models/unified-20k/autogluon/allfeatures/model1_autotrain_metadata.pkl
