============================================================
Starting Post-Processing Pipeline
============================================================
Log file: logs/5k/postprocessing_combined_20251223_000243.log
Feature Type: combined
Dataset Size: 5k
Start time: Tue Dec 23 12:02:44 AM +03 2025

Step 1: Analyzing Feature Importance...
  - Model 1 (Binary)...

================================================================================
FEATURE IMPORTANCE ANALYSIS
================================================================================
Model: Model 1 (Binary Classification)
Saved Models: /arf/home/iguzel/ts-stationary/hierarchical-ts-classification/03-models/hierarchical/model1_binary/output/model1_combined_5k
Normalization: sum
================================================================================

[1/3] Loading feature importance files...
  RandomForest: 50 features
  CatBoost: 50 features
  XGBoost: 50 features

[2/3] Analyzing feature categories...

================================================================================
FEATURE IMPORTANCE SUMMARY BY CATEGORY
================================================================================

RandomForest:
--------------------------------------------------------------------------------
Category                Count    Total Imp     Mean Imp      Max Imp
--------------------------------------------------------------------------------
Statistical                15       0.2913       0.0194       0.0465
Quantile                   13       0.2911       0.0224       0.0613
Autocorrelation             7       0.1899       0.0271       0.0737
Complexity                  5       0.0760       0.0152       0.0214
Frequency                   3       0.0698       0.0233       0.0383
Linear                      3       0.0375       0.0125       0.0178
Ratio                       2       0.0258       0.0129       0.0201
Other                       2       0.0187       0.0093       0.0096

Total features: 50
Total importance: 1.0000

CatBoost:
--------------------------------------------------------------------------------
Category                Count    Total Imp     Mean Imp      Max Imp
--------------------------------------------------------------------------------
Statistical                16       0.3389       0.0212       0.1115
Autocorrelation             7       0.3284       0.0469       0.2159
Quantile                   11       0.1198       0.0109       0.0179
Other                       7       0.0961       0.0137       0.0222
Frequency                   3       0.0543       0.0181       0.0295
Linear                      4       0.0300       0.0075       0.0084
Ratio                       1       0.0166       0.0166       0.0166
Complexity                  1       0.0159       0.0159       0.0159

Total features: 50
Total importance: 1.0000

XGBoost:
--------------------------------------------------------------------------------
Category                Count    Total Imp     Mean Imp      Max Imp
--------------------------------------------------------------------------------
Quantile                   12       0.5273       0.0439       0.4572
Statistical                17       0.2679       0.0158       0.0745
Autocorrelation             7       0.1250       0.0179       0.0839
Complexity                  4       0.0336       0.0084       0.0143
Other                       5       0.0219       0.0044       0.0057
Linear                      3       0.0163       0.0054       0.0081
Frequency                   1       0.0046       0.0046       0.0046
Ratio                       1       0.0034       0.0034       0.0034

Total features: 50
Total importance: 1.0000


[3/3] Generating visualizations...
Figure saved to: figures/feature_importance_top30_comparison_model1.png
Figure saved to: figures/feature_importance_categories_model1.png

================================================================================
Analysis complete!
================================================================================

  - Model 2 (5-Class)...

================================================================================
FEATURE IMPORTANCE ANALYSIS
================================================================================
Model: Model 2 (5-Class Classification)
Saved Models: /arf/home/iguzel/ts-stationary/hierarchical-ts-classification/03-models/hierarchical/model2_nonstationary/output/model2_combined_5k
Normalization: sum
================================================================================

[1/3] Loading feature importance files...
  RandomForest: 50 features
  CatBoost: 50 features
  XGBoost: 50 features

[2/3] Analyzing feature categories...

================================================================================
FEATURE IMPORTANCE SUMMARY BY CATEGORY
================================================================================

RandomForest:
--------------------------------------------------------------------------------
Category                Count    Total Imp     Mean Imp      Max Imp
--------------------------------------------------------------------------------
Autocorrelation            12       0.3053       0.0254       0.0422
Quantile                   14       0.2170       0.0155       0.0247
Other                       9       0.1605       0.0178       0.0274
Linear                      4       0.1145       0.0286       0.0732
Statistical                 5       0.0701       0.0140       0.0220
Frequency                   2       0.0689       0.0345       0.0454
Ratio                       2       0.0357       0.0179       0.0204
Stationarity                1       0.0145       0.0145       0.0145
Complexity                  1       0.0134       0.0134       0.0134

Total features: 50
Total importance: 1.0000

CatBoost:
--------------------------------------------------------------------------------
Category                Count    Total Imp     Mean Imp      Max Imp
--------------------------------------------------------------------------------
Linear                      7       0.2833       0.0405       0.1885
Quantile                   12       0.2040       0.0170       0.0265
Other                       9       0.1771       0.0197       0.0280
Frequency                   5       0.0912       0.0182       0.0455
Statistical                 6       0.0869       0.0145       0.0180
Autocorrelation             7       0.0813       0.0116       0.0158
Ratio                       2       0.0504       0.0252       0.0316
Complexity                  2       0.0259       0.0130       0.0166

Total features: 50
Total importance: 1.0000

XGBoost:
--------------------------------------------------------------------------------
Category                Count    Total Imp     Mean Imp      Max Imp
--------------------------------------------------------------------------------
Quantile                   15       0.2956       0.0197       0.0851
Statistical                10       0.2178       0.0218       0.1058
Linear                     10       0.1597       0.0160       0.0440
Other                       5       0.1479       0.0296       0.0752
Autocorrelation             4       0.1040       0.0260       0.0628
Frequency                   3       0.0419       0.0140       0.0253
Ratio                       1       0.0182       0.0182       0.0182
Complexity                  2       0.0147       0.0074       0.0086

Total features: 50
Total importance: 1.0000


[3/3] Generating visualizations...
Figure saved to: figures/feature_importance_top30_comparison_model2.png
Figure saved to: figures/feature_importance_categories_model2.png

================================================================================
Analysis complete!
================================================================================

Step 2: Analyzing Errors...
  - Model 1 Errors...

================================================================================
MISCLASSIFICATION ANALYSIS
================================================================================
Model: Model 1 (Binary Classification)
Saved Models: /arf/home/iguzel/ts-stationary/hierarchical-ts-classification/03-models/hierarchical/model1_binary/output/model1_combined_5k
================================================================================

[1/3] Loading misclassified samples...
  RandomForest: 36 misclassified samples
  SVM_Linear: 39 misclassified samples
  XGBoost: 30 misclassified samples
  CatBoost: 26 misclassified samples

Total misclassified samples: 131

[2/3] Analyzing worst cases...

================================================================================
TOP 10 WORST MISCLASSIFICATIONS (Highest Confidence Errors)
================================================================================


RandomForest:
--------------------------------------------------------------------------------
  ID:   4044 | True: Non-Stationary       → Predicted: Stationary           | Confidence: 0.9750
  ID:   1491 | True: Stationary           → Predicted: Non-Stationary       | Confidence: 0.9500
  ID:   4038 | True: Non-Stationary       → Predicted: Stationary           | Confidence: 0.9050
  ID:   3897 | True: Non-Stationary       → Predicted: Stationary           | Confidence: 0.9050
  ID:   3987 | True: Non-Stationary       → Predicted: Stationary           | Confidence: 0.8750
  ID:   4203 | True: Non-Stationary       → Predicted: Stationary           | Confidence: 0.8650
  ID:   3915 | True: Non-Stationary       → Predicted: Stationary           | Confidence: 0.8550
  ID:   4175 | True: Non-Stationary       → Predicted: Stationary           | Confidence: 0.8400
  ID:   3986 | True: Non-Stationary       → Predicted: Stationary           | Confidence: 0.8250
  ID:   3893 | True: Non-Stationary       → Predicted: Stationary           | Confidence: 0.8250

SVM_Linear:
--------------------------------------------------------------------------------
  ID:   4040 | True: Non-Stationary       → Predicted: Stationary           | Confidence: 0.9999
  ID:   1491 | True: Stationary           → Predicted: Non-Stationary       | Confidence: 0.9964
  ID:   4271 | True: Non-Stationary       → Predicted: Stationary           | Confidence: 0.9873
  ID:   2704 | True: Non-Stationary       → Predicted: Stationary           | Confidence: 0.9873
  ID:   4044 | True: Non-Stationary       → Predicted: Stationary           | Confidence: 0.9655
  ID:   3897 | True: Non-Stationary       → Predicted: Stationary           | Confidence: 0.9446
  ID:   1481 | True: Stationary           → Predicted: Non-Stationary       | Confidence: 0.9278
  ID:   4118 | True: Non-Stationary       → Predicted: Stationary           | Confidence: 0.9198
  ID:   3987 | True: Non-Stationary       → Predicted: Stationary           | Confidence: 0.9174
  ID:   4522 | True: Non-Stationary       → Predicted: Stationary           | Confidence: 0.9068

XGBoost:
--------------------------------------------------------------------------------
  ID:   4044 | True: Non-Stationary       → Predicted: Stationary           | Confidence: 0.9999
  ID:   3897 | True: Non-Stationary       → Predicted: Stationary           | Confidence: 0.9994
  ID:   4040 | True: Non-Stationary       → Predicted: Stationary           | Confidence: 0.9982
  ID:   1491 | True: Stationary           → Predicted: Non-Stationary       | Confidence: 0.9973
  ID:   4175 | True: Non-Stationary       → Predicted: Stationary           | Confidence: 0.9972
  ID:   4038 | True: Non-Stationary       → Predicted: Stationary           | Confidence: 0.9940
  ID:   1772 | True: Stationary           → Predicted: Non-Stationary       | Confidence: 0.9935
  ID:   4203 | True: Non-Stationary       → Predicted: Stationary           | Confidence: 0.9931
  ID:   1481 | True: Stationary           → Predicted: Non-Stationary       | Confidence: 0.9931
  ID:   3987 | True: Non-Stationary       → Predicted: Stationary           | Confidence: 0.9913

CatBoost:
--------------------------------------------------------------------------------
  ID:   4044 | True: Non-Stationary       → Predicted: Stationary           | Confidence: 0.9921
  ID:   3897 | True: Non-Stationary       → Predicted: Stationary           | Confidence: 0.9920
  ID:   4040 | True: Non-Stationary       → Predicted: Stationary           | Confidence: 0.9854
  ID:   4038 | True: Non-Stationary       → Predicted: Stationary           | Confidence: 0.9722
  ID:   4175 | True: Non-Stationary       → Predicted: Stationary           | Confidence: 0.9702
  ID:   1491 | True: Stationary           → Predicted: Non-Stationary       | Confidence: 0.9637
  ID:   4203 | True: Non-Stationary       → Predicted: Stationary           | Confidence: 0.9613
  ID:   3987 | True: Non-Stationary       → Predicted: Stationary           | Confidence: 0.9347
  ID:   4118 | True: Non-Stationary       → Predicted: Stationary           | Confidence: 0.9216
  ID:   4218 | True: Non-Stationary       → Predicted: Stationary           | Confidence: 0.8948

[3/3] Generating visualizations...

Figure saved to: figures/error_analysis_model_1_(binary_classification).png

================================================================================
Analysis complete!
================================================================================

  - Model 2 Errors...

================================================================================
MISCLASSIFICATION ANALYSIS
================================================================================
Model: Model 2 (5-Class Classification)
Saved Models: /arf/home/iguzel/ts-stationary/hierarchical-ts-classification/03-models/hierarchical/model2_nonstationary/output/model2_combined_5k
================================================================================

[1/3] Loading misclassified samples...
  RandomForest: 18 misclassified samples
  SVM_RBF: 34 misclassified samples
  XGBoost: 13 misclassified samples
  CatBoost: 12 misclassified samples

Total misclassified samples: 77

[2/3] Analyzing worst cases...

================================================================================
TOP 10 WORST MISCLASSIFICATIONS (Highest Confidence Errors)
================================================================================


RandomForest:
--------------------------------------------------------------------------------
  ID:   4512 | True: Structural Break     → Predicted: Anomaly              | Confidence: 0.8150
  ID:   3943 | True: Volatility           → Predicted: Anomaly              | Confidence: 0.7650
  ID:   3913 | True: Volatility           → Predicted: Anomaly              | Confidence: 0.6500
  ID:   4798 | True: Structural Break     → Predicted: Anomaly              | Confidence: 0.6450
  ID:   5010 | True: Structural Break     → Predicted: Trend                | Confidence: 0.6300
  ID:   4272 | True: Anomaly              → Predicted: Structural Break     | Confidence: 0.6300
  ID:   4732 | True: Structural Break     → Predicted: Volatility           | Confidence: 0.6050
  ID:   3439 | True: Stochastic           → Predicted: Trend                | Confidence: 0.5950
  ID:   3262 | True: Stochastic           → Predicted: Trend                | Confidence: 0.5850
  ID:   4824 | True: Structural Break     → Predicted: Volatility           | Confidence: 0.5550

SVM_RBF:
--------------------------------------------------------------------------------
  ID:   4272 | True: Anomaly              → Predicted: Structural Break     | Confidence: 0.9531
  ID:   4512 | True: Structural Break     → Predicted: Anomaly              | Confidence: 0.9530
  ID:   4874 | True: Structural Break     → Predicted: Stochastic           | Confidence: 0.9143
  ID:   4925 | True: Structural Break     → Predicted: Stochastic           | Confidence: 0.9044
  ID:   3913 | True: Volatility           → Predicted: Anomaly              | Confidence: 0.8744
  ID:   5010 | True: Structural Break     → Predicted: Trend                | Confidence: 0.8596
  ID:   3943 | True: Volatility           → Predicted: Anomaly              | Confidence: 0.8327
  ID:   4583 | True: Structural Break     → Predicted: Anomaly              | Confidence: 0.8252
  ID:   5000 | True: Structural Break     → Predicted: Trend                | Confidence: 0.8193
  ID:   3465 | True: Stochastic           → Predicted: Trend                | Confidence: 0.7346

XGBoost:
--------------------------------------------------------------------------------
  ID:   3943 | True: Volatility           → Predicted: Anomaly              | Confidence: 0.9939
  ID:   3439 | True: Stochastic           → Predicted: Trend                | Confidence: 0.9830
  ID:   4528 | True: Structural Break     → Predicted: Anomaly              | Confidence: 0.9525
  ID:   4798 | True: Structural Break     → Predicted: Anomaly              | Confidence: 0.9323
  ID:   4512 | True: Structural Break     → Predicted: Anomaly              | Confidence: 0.9289
  ID:   4369 | True: Anomaly              → Predicted: Structural Break     | Confidence: 0.8938
  ID:   4272 | True: Anomaly              → Predicted: Structural Break     | Confidence: 0.8893
  ID:   4824 | True: Structural Break     → Predicted: Volatility           | Confidence: 0.8831
  ID:   3612 | True: Volatility           → Predicted: Structural Break     | Confidence: 0.7509
  ID:   4732 | True: Structural Break     → Predicted: Volatility           | Confidence: 0.7322

CatBoost:
--------------------------------------------------------------------------------
  ID:   4512 | True: Structural Break     → Predicted: Anomaly              | Confidence: 0.9188
  ID:   3943 | True: Volatility           → Predicted: Anomaly              | Confidence: 0.8988
  ID:   3439 | True: Stochastic           → Predicted: Trend                | Confidence: 0.8416
  ID:   4732 | True: Structural Break     → Predicted: Volatility           | Confidence: 0.7721
  ID:   4743 | True: Structural Break     → Predicted: Volatility           | Confidence: 0.7285
  ID:   4272 | True: Anomaly              → Predicted: Structural Break     | Confidence: 0.7173
  ID:   4798 | True: Structural Break     → Predicted: Anomaly              | Confidence: 0.7087
  ID:   4737 | True: Structural Break     → Predicted: Volatility           | Confidence: 0.6977
  ID:   3914 | True: Volatility           → Predicted: Structural Break     | Confidence: 0.6670
  ID:   4600 | True: Structural Break     → Predicted: Trend                | Confidence: 0.6342

[3/3] Generating visualizations...

Figure saved to: figures/error_analysis_model_2_(5-class_classification).png

================================================================================
Analysis complete!
================================================================================


============================================================
Post-Processing Complete!
============================================================
Feature Type: combined
Dataset Size: 5k
Figures saved in: /arf/home/iguzel/ts-stationary/hierarchical-ts-classification/04-postprocessing/figures/combined_5k
End time: Tue Dec 23 12:02:54 AM +03 2025
