================================================================================
MODEL 2: NON-STATIONARY 5-CLASS CLASSIFICATION
================================================================================
Mode: RAW
Data path: ../../../data/raw/unified-20k
n_jobs: 110
================================================================================

[1/6] Loading raw time series data...
Found 77 total parquet files
Filtered to 73 non-stationary files (excluded stationary)

Non-stationary category distribution (by primary category):

⚡ Fast parallel loading with PyArrow (batch_size=20, workers=16)
  Batch 1/4: Processing 20 files...
  ✓ Batch 1: Total series so far: 3,408
  Batch 2/4: Processing 20 files...
  ✓ Batch 2: Total series so far: 5,324
  Batch 3/4: Processing 20 files...
  ✓ Batch 3: Total series so far: 8,522
  Batch 4/4: Processing 13 files...
  ✓ Batch 4: Total series so far: 9,159

✓ Loaded 9,159 non-stationary time series (parallel PyArrow loading)
  Labels: 9,159
  Memory-efficient: No full dataset loaded at once

✓ Prepared 9,159 time series without loading full dataset

[2/6] Analyzing label distribution...

Label distribution:
  0: Trend                 1,960 (21.4%)
  1: Volatility            1,996 (21.8%)
  2: Stochastic            1,995 (21.8%)
  3: Anomaly               1,548 (16.9%)
  4: Structural Break      1,660 (18.1%)

[3/6] Converting to sktime format...
Series length range: 1001 - 9998
⚠️  Found 19500 NaN values in data, replacing with 0
✓ X shape: (9159, 1, 1500)
✓ y shape: (9159,)

[4/6] Splitting data...
Train set: 7,327 samples
Test set:  1,832 samples

[5/6] Training models...
--------------------------------------------------------------------------------

🌲 Training TimeSeriesForestClassifier...
  ✓ Accuracy: 0.8144 (81.44%)
  ✓ Train Accuracy: 1.0000 (100.00%)
  ✓ Training time: 13.04s

🚀 Training ROCKET Classifier...
  ✓ Accuracy: 0.7566 (75.66%)
  ✓ Train Accuracy: 0.8477 (84.77%)
  ✓ Training time: 102.64s

🎯 Training Arsenal Classifier...
