================================================================================
MODEL 2: NON-STATIONARY 5-CLASS CLASSIFICATION
================================================================================
Mode: FEATURES
Data path: ../../../data/raw/unified-90k
Features path: ../../../data/features/selected-dask
n_jobs: 110
================================================================================

[1/6] Loading TSFresh features...
✓ Filtered to 9,146 non-stationary series
✓ Loaded features: (9146, 101)
✓ Number of features: 101
✓ Number of samples: 9146

Label distribution:
  0: Trend                 1,960 (21.4%)
  1: Volatility            1,983 (21.7%)
  2: Stochastic            1,995 (21.8%)
  3: Anomaly               1,548 (16.9%)
  4: Structural Break      1,660 (18.2%)

[3/6] Preparing feature matrix...
✓ X shape: (9146, 101)
✓ y shape: (9146,)
✓ Features scaled with StandardScaler

[4/6] Splitting data...
Train set: 7,316 samples
Test set:  1,830 samples

[5/6] Training models...
--------------------------------------------------------------------------------

🌲 Training Random Forest...
  ✓ Accuracy: 0.9984 (99.84%)
  ✓ Train Accuracy: 1.0000 (100.00%)
  ✓ Training time: 0.32s

🚀 Training XGBoost...
  ✓ Accuracy: 0.9984 (99.84%)
  ✓ Train Accuracy: 1.0000 (100.00%)
  ✓ Training time: 0.73s

🐱 Training CatBoost...
  ✓ Accuracy: 0.9978 (99.78%)
  ✓ Train Accuracy: 1.0000 (100.00%)
  ✓ Training time: 1.21s

⚡ Training SVM (RBF)...
  ✓ Accuracy: 0.9858 (98.58%)
  ✓ Train Accuracy: 0.9907 (99.07%)
  ✓ Training time: 2.19s

[6/6] Evaluation Results
================================================================================

📊 RandomForest
--------------------------------------------------------------------------------
Accuracy      : 0.9984 (99.84%)
Train Accuracy: 1.0000 (100.00%)
Training Time : 0.32s

Classification Report:
                  precision    recall  f1-score   support

           Trend     1.0000    1.0000    1.0000       392
      Volatility     0.9975    1.0000    0.9987       397
      Stochastic     1.0000    0.9925    0.9962       399
         Anomaly     0.9936    1.0000    0.9968       310
Structural Break     1.0000    1.0000    1.0000       332

        accuracy                         0.9984      1830
       macro avg     0.9982    0.9985    0.9984      1830
    weighted avg     0.9984    0.9984    0.9984      1830


Confusion Matrix:
                       Trend Volatili Stochast  Anomaly Structur
Trend                     392        0        0        0        0
Volatility                  0      397        0        0        0
Stochastic                  0        1      396        2        0
Anomaly                     0        0        0      310        0
Structural Break            0        0        0        0      332
  ⚠️  Misclassified samples: 3 (examples: [13735 13297 13859])

📊 XGBoost
--------------------------------------------------------------------------------
Accuracy      : 0.9984 (99.84%)
Train Accuracy: 1.0000 (100.00%)
Training Time : 0.73s

Classification Report:
                  precision    recall  f1-score   support

           Trend     1.0000    1.0000    1.0000       392
      Volatility     0.9950    1.0000    0.9975       397
      Stochastic     1.0000    0.9975    0.9987       399
         Anomaly     0.9968    0.9968    0.9968       310
Structural Break     1.0000    0.9970    0.9985       332

        accuracy                         0.9984      1830
       macro avg     0.9984    0.9983    0.9983      1830
    weighted avg     0.9984    0.9984    0.9984      1830


Confusion Matrix:
                       Trend Volatili Stochast  Anomaly Structur
Trend                     392        0        0        0        0
Volatility                  0      397        0        0        0
Stochastic                  0        1      398        0        0
Anomaly                     0        1        0      309        0
Structural Break            0        0        0        1      331
  ⚠️  Misclassified samples: 3 (examples: [15947 17487 13297])

📊 CatBoost
--------------------------------------------------------------------------------
Accuracy      : 0.9978 (99.78%)
Train Accuracy: 1.0000 (100.00%)
Training Time : 1.21s

Classification Report:
                  precision    recall  f1-score   support

           Trend     0.9975    1.0000    0.9987       392
      Volatility     0.9950    1.0000    0.9975       397
      Stochastic     1.0000    0.9925    0.9962       399
         Anomaly     0.9968    1.0000    0.9984       310
Structural Break     1.0000    0.9970    0.9985       332

        accuracy                         0.9978      1830
       macro avg     0.9978    0.9979    0.9979      1830
    weighted avg     0.9978    0.9978    0.9978      1830


Confusion Matrix:
                       Trend Volatili Stochast  Anomaly Structur
Trend                     392        0        0        0        0
Volatility                  0      397        0        0        0
Stochastic                  1        2      396        0        0
Anomaly                     0        0        0      310        0
Structural Break            0        0        0        1      331
  ⚠️  Misclassified samples: 4 (examples: [11950 17487 13297 13859])

📊 SVM_RBF
--------------------------------------------------------------------------------
Accuracy      : 0.9858 (98.58%)
Train Accuracy: 0.9907 (99.07%)
Training Time : 2.19s

Classification Report:
                  precision    recall  f1-score   support

           Trend     1.0000    0.9949    0.9974       392
      Volatility     0.9851    1.0000    0.9925       397
      Stochastic     0.9949    0.9875    0.9912       399
         Anomaly     0.9477    0.9935    0.9701       310
Structural Break     0.9968    0.9488    0.9722       332

        accuracy                         0.9858      1830
       macro avg     0.9849    0.9849    0.9847      1830
    weighted avg     0.9862    0.9858    0.9858      1830


Confusion Matrix:
                       Trend Volatili Stochast  Anomaly Structur
Trend                     390        0        2        0        0
Volatility                  0      397        0        0        0
Stochastic                  0        5      394        0        0
Anomaly                     0        1        0      308        1
Structural Break            0        0        0       17      315
  ⚠️  Misclassified samples: 26 (examples: [17541 17725 17677 16532 17798])

================================================================================
SAVING BEST MODEL
================================================================================

🏆 Best Model: RandomForest
   Accuracy: 0.9984 (99.84%)

✓ Model saved to: saved_models/model2_nonstationary_classifier.pkl
✓ Metadata saved to: saved_models/model2_metadata.pkl

================================================================================
✅ MODEL 2 TRAINING COMPLETE!
================================================================================

Mode: FEATURES
Best Model: RandomForest
Accuracy: 99.84%
Saved to: saved_models/model2_nonstationary_classifier.pkl

Next steps:
  1. Review classification report and confusion matrix above
  2. Test model: python test_model2.py
  3. If accuracy is good (>80%), proceed to Model 3 (sub-categories)
  4. Or build hierarchical pipeline combining Model 1 + Model 2
================================================================================
